Archive member included to satisfy reference by file (symbol)

d:/games/stm32cubeide_1.6.0/stm32cubeide/plugins/com.st.stm32cube.ide.mcu.externaltools.gnu-tools-for-stm32.9-2020-q2-update.win32_1.5.0.202011040924/tools/bin/../lib/gcc/arm-none-eabi/9.3.1/../../../../arm-none-eabi/lib/thumb/v7-m/nofp\libc_nano.a(lib_a-errno.o)
                              Core/Src/syscalls.o (__errno)
d:/games/stm32cubeide_1.6.0/stm32cubeide/plugins/com.st.stm32cube.ide.mcu.externaltools.gnu-tools-for-stm32.9-2020-q2-update.win32_1.5.0.202011040924/tools/bin/../lib/gcc/arm-none-eabi/9.3.1/../../../../arm-none-eabi/lib/thumb/v7-m/nofp\libc_nano.a(lib_a-exit.o)
                              d:/games/stm32cubeide_1.6.0/stm32cubeide/plugins/com.st.stm32cube.ide.mcu.externaltools.gnu-tools-for-stm32.9-2020-q2-update.win32_1.5.0.202011040924/tools/bin/../lib/gcc/arm-none-eabi/9.3.1/../../../../arm-none-eabi/lib/thumb/v7-m/nofp/crt0.o (exit)
d:/games/stm32cubeide_1.6.0/stm32cubeide/plugins/com.st.stm32cube.ide.mcu.externaltools.gnu-tools-for-stm32.9-2020-q2-update.win32_1.5.0.202011040924/tools/bin/../lib/gcc/arm-none-eabi/9.3.1/../../../../arm-none-eabi/lib/thumb/v7-m/nofp\libc_nano.a(lib_a-impure.o)
                              d:/games/stm32cubeide_1.6.0/stm32cubeide/plugins/com.st.stm32cube.ide.mcu.externaltools.gnu-tools-for-stm32.9-2020-q2-update.win32_1.5.0.202011040924/tools/bin/../lib/gcc/arm-none-eabi/9.3.1/../../../../arm-none-eabi/lib/thumb/v7-m/nofp\libc_nano.a(lib_a-exit.o) (_global_impure_ptr)
d:/games/stm32cubeide_1.6.0/stm32cubeide/plugins/com.st.stm32cube.ide.mcu.externaltools.gnu-tools-for-stm32.9-2020-q2-update.win32_1.5.0.202011040924/tools/bin/../lib/gcc/arm-none-eabi/9.3.1/../../../../arm-none-eabi/lib/thumb/v7-m/nofp\libc_nano.a(lib_a-init.o)
                              d:/games/stm32cubeide_1.6.0/stm32cubeide/plugins/com.st.stm32cube.ide.mcu.externaltools.gnu-tools-for-stm32.9-2020-q2-update.win32_1.5.0.202011040924/tools/bin/../lib/gcc/arm-none-eabi/9.3.1/../../../../arm-none-eabi/lib/thumb/v7-m/nofp/crt0.o (__libc_init_array)
d:/games/stm32cubeide_1.6.0/stm32cubeide/plugins/com.st.stm32cube.ide.mcu.externaltools.gnu-tools-for-stm32.9-2020-q2-update.win32_1.5.0.202011040924/tools/bin/../lib/gcc/arm-none-eabi/9.3.1/../../../../arm-none-eabi/lib/thumb/v7-m/nofp\libc_nano.a(lib_a-memset.o)
                              d:/games/stm32cubeide_1.6.0/stm32cubeide/plugins/com.st.stm32cube.ide.mcu.externaltools.gnu-tools-for-stm32.9-2020-q2-update.win32_1.5.0.202011040924/tools/bin/../lib/gcc/arm-none-eabi/9.3.1/../../../../arm-none-eabi/lib/thumb/v7-m/nofp/crt0.o (memset)
d:/games/stm32cubeide_1.6.0/stm32cubeide/plugins/com.st.stm32cube.ide.mcu.externaltools.gnu-tools-for-stm32.9-2020-q2-update.win32_1.5.0.202011040924/tools/bin/../lib/gcc/arm-none-eabi/9.3.1/../../../../arm-none-eabi/lib/thumb/v7-m/nofp\libc_nano.a(lib_a-snprintf.o)
                              Core/Src/main.o (snprintf)
d:/games/stm32cubeide_1.6.0/stm32cubeide/plugins/com.st.stm32cube.ide.mcu.externaltools.gnu-tools-for-stm32.9-2020-q2-update.win32_1.5.0.202011040924/tools/bin/../lib/gcc/arm-none-eabi/9.3.1/../../../../arm-none-eabi/lib/thumb/v7-m/nofp\libc_nano.a(lib_a-sprintf.o)
                              Core/Src/main.o (sprintf)
d:/games/stm32cubeide_1.6.0/stm32cubeide/plugins/com.st.stm32cube.ide.mcu.externaltools.gnu-tools-for-stm32.9-2020-q2-update.win32_1.5.0.202011040924/tools/bin/../lib/gcc/arm-none-eabi/9.3.1/../../../../arm-none-eabi/lib/thumb/v7-m/nofp\libc_nano.a(lib_a-nano-svfprintf.o)
                              d:/games/stm32cubeide_1.6.0/stm32cubeide/plugins/com.st.stm32cube.ide.mcu.externaltools.gnu-tools-for-stm32.9-2020-q2-update.win32_1.5.0.202011040924/tools/bin/../lib/gcc/arm-none-eabi/9.3.1/../../../../arm-none-eabi/lib/thumb/v7-m/nofp\libc_nano.a(lib_a-snprintf.o) (_svfprintf_r)
d:/games/stm32cubeide_1.6.0/stm32cubeide/plugins/com.st.stm32cube.ide.mcu.externaltools.gnu-tools-for-stm32.9-2020-q2-update.win32_1.5.0.202011040924/tools/bin/../lib/gcc/arm-none-eabi/9.3.1/../../../../arm-none-eabi/lib/thumb/v7-m/nofp\libc_nano.a(lib_a-nano-vfprintf_i.o)
                              d:/games/stm32cubeide_1.6.0/stm32cubeide/plugins/com.st.stm32cube.ide.mcu.externaltools.gnu-tools-for-stm32.9-2020-q2-update.win32_1.5.0.202011040924/tools/bin/../lib/gcc/arm-none-eabi/9.3.1/../../../../arm-none-eabi/lib/thumb/v7-m/nofp\libc_nano.a(lib_a-nano-svfprintf.o) (_printf_i)
d:/games/stm32cubeide_1.6.0/stm32cubeide/plugins/com.st.stm32cube.ide.mcu.externaltools.gnu-tools-for-stm32.9-2020-q2-update.win32_1.5.0.202011040924/tools/bin/../lib/gcc/arm-none-eabi/9.3.1/../../../../arm-none-eabi/lib/thumb/v7-m/nofp\libc_nano.a(lib_a-memchr-stub.o)
[...]
Memory Configuration

Name             Origin             Length             Attributes
RAM              0x0000000020000000 0x0000000000005000 xrw
FLASH            0x0000000008000000 0x0000000000010000 xr
*default*        0x0000000000000000 0xffffffffffffffff

Linker script and memory map

LOAD d:/games/stm32cubeide_1.6.0/stm32cubeide/plugins/com.st.stm32cube.ide.mcu.externaltools.gnu-tools-for-stm32.9-2020-q2-update.win32_1.5.0.202011040924/tools/bin/../lib/gcc/arm-none-eabi/9.3.1/thumb/v7-m/nofp/crti.o
LOAD d:/games/stm32cubeide_1.6.0/stm32cubeide/plugins/com.st.stm32cube.ide.mcu.externaltools.gnu-tools-for-stm32.9-2020-q2-update.win32_1.5.0.202011040924/tools/bin/../lib/gcc/arm-none-eabi/9.3.1/thumb/v7-m/nofp/crtbegin.o
LOAD d:/games/stm32cubeide_1.6.0/stm32cubeide/plugins/com.st.stm32cube.ide.mcu.externaltools.gnu-tools-for-stm32.9-2020-q2-update.win32_1.5.0.202011040924/tools/bin/../lib/gcc/arm-none-eabi/9.3.1/../../../../arm-none-eabi/lib/thumb/v7-m/nofp/crt0.o
LOAD Core/Src/fonts.o
LOAD Core/Src/main.o
LOAD Core/Src/st7789.o
LOAD Core/Src/stm32f1xx_hal_msp.o
LOAD Core/Src/stm32f1xx_it.o
LOAD Core/Src/syscalls.o
LOAD Core/Src/sysmem.o
LOAD Core/Src/system_stm32f1xx.o
LOAD Core/Startup/startup_stm32f103c8tx.o
LOAD Drivers/STM32F1xx_HAL_Driver/Src/stm32f1xx_hal.o
LOAD Drivers/STM32F1xx_HAL_Driver/Src/stm32f1xx_hal_adc.o
LOAD Drivers/STM32F1xx_HAL_Driver/Src/stm32f1xx_hal_adc_ex.o
LOAD Drivers/STM32F1xx_HAL_Driver/Src/stm32f1xx_hal_cortex.o
LOAD Drivers/STM32F1xx_HAL_Driver/Src/stm32f1xx_hal_dma.o
LOAD Drivers/STM32F1xx_HAL_Driver/Src/stm32f1xx_hal_exti.o
LOAD Drivers/STM32F1xx_HAL_Driver/Src/stm32f1xx_hal_flash.o
LOAD Drivers/STM32F1xx_HAL_Driver/Src/stm32f1xx_hal_flash_ex.o
LOAD Drivers/STM32F1xx_HAL_Driver/Src/stm32f1xx_hal_gpio.o
LOAD Drivers/STM32F1xx_HAL_Driver/Src/stm32f1xx_hal_gpio_ex.o
LOAD Drivers/STM32F1xx_HAL_Driver/Src/stm32f1xx_hal_pwr.o
LOAD Drivers/STM32F1xx_HAL_Driver/Src/stm32f1xx_hal_rcc.o
LOAD Drivers/STM32F1xx_HAL_Driver/Src/stm32f1xx_hal_rcc_ex.o
LOAD Drivers/STM32F1xx_HAL_Driver/Src/stm32f1xx_hal_spi.o
LOAD Drivers/STM32F1xx_HAL_Driver/Src/stm32f1xx_hal_tim.o
LOAD Drivers/STM32F1xx_HAL_Driver/Src/stm32f1xx_hal_tim_ex.o
START GROUP
LOAD d:/games/stm32cubeide_1.6.0/stm32cubeide/plugins/com.st.stm32cube.ide.mcu.externaltools.gnu-tools-for-stm32.9-2020-q2-update.win32_1.5.0.202011040924/tools/bin/../lib/gcc/arm-none-eabi/9.3.1/../../../../arm-none-eabi/lib/thumb/v7-m/nofp\libstdc++_nano.a
LOAD d:/games/stm32cubeide_1.6.0/stm32cubeide/plugins/com.st.stm32cube.ide.mcu.externaltools.gnu-tools-for-stm32.9-2020-q2-update.win32_1.5.0.202011040924/tools/bin/../lib/gcc/arm-none-eabi/9.3.1/../../../../arm-none-eabi/lib/thumb/v7-m/nofp\libsupc++_nano.a
END GROUP
LOAD d:/games/stm32cubeide_1.6.0/stm32cubeide/plugins/com.st.stm32cube.ide.mcu.externaltools.gnu-tools-for-stm32.9-2020-q2-update.win32_1.5.0.202011040924/tools/bin/../lib/gcc/arm-none-eabi/9.3.1/../../../../arm-none-eabi/lib/thumb/v7-m/nofp\libstdc++_nano.a
LOAD d:/games/stm32cubeide_1.6.0/stm32cubeide/plugins/com.st.stm32cube.ide.mcu.externaltools.gnu-tools-for-stm32.9-2020-q2-update.win32_1.5.0.202011040924/tools/bin/../lib/gcc/arm-none-eabi/9.3.1/../../../../arm-none-eabi/lib/thumb/v7-m/nofp\libm.a
LOAD d:/games/stm32cubeide_1.6.0/stm32cubeide/plugins/com.st.stm32cube.ide.mcu.externaltools.gnu-tools-for-stm32.9-2020-q2-update.win32_1.5.0.202011040924/tools/bin/../lib/gcc/arm-none-eabi/9.3.1/../../../../arm-none-eabi/lib/thumb/v7-m/nofp\libc_nano.a
START GROUP
LOAD d:/games/stm32cubeide_1.6.0/stm32cubeide/plugins/com.st.stm32cube.ide.mcu.externaltools.gnu-tools-for-stm32.9-2020-q2-update.win32_1.5.0.202011040924/tools/bin/../lib/gcc/arm-none-eabi/9.3.1/thumb/v7-m/nofp\libgcc.a
LOAD d:/games/stm32cubeide_1.6.0/stm32cubeide/plugins/com.st.stm32cube.ide.mcu.externaltools.gnu-tools-for-stm32.9-2020-q2-update.win32_1.5.0.202011040924/tools/bin/../lib/gcc/arm-none-eabi/9.3.1/../../../../arm-none-eabi/lib/thumb/v7-m/nofp\libc_nano.a
END GROUP
START GROUP
LOAD d:/games/stm32cubeide_1.6.0/stm32cubeide/plugins/com.st.stm32cube.ide.mcu.externaltools.gnu-tools-for-stm32.9-2020-q2-update.win32_1.5.0.202011040924/tools/bin/../lib/gcc/arm-none-eabi/9.3.1/thumb/v7-m/nofp\libgcc.a
LOAD d:/games/stm32cubeide_1.6.0/stm32cubeide/plugins/com.st.stm32cube.ide.mcu.externaltools.gnu-tools-for-stm32.9-2020-q2-update.win32_1.5.0.202011040924/tools/bin/../lib/gcc/arm-none-eabi/9.3.1/../../../../arm-none-eabi/lib/thumb/v7-m/nofp\libc_nano.a
LOAD d:/games/stm32cubeide_1.6.0/stm32cubeide/plugins/com.st.stm32cube.ide.mcu.externaltools.gnu-tools-for-stm32.9-2020-q2-update.win32_1.5.0.202011040924/tools/bin/../lib/gcc/arm-none-eabi/9.3.1/../../../../arm-none-eabi/lib/thumb/v7-m/nofp\libnosys.a
END GROUP
START GROUP
LOAD d:/games/stm32cubeide_1.6.0/stm32cubeide/plugins/com.st.stm32cube.ide.mcu.externaltools.gnu-tools-for-stm32.9-2020-q2-update.win32_1.5.0.202011040924/tools/bin/../lib/gcc/arm-none-eabi/9.3.1/thumb/v7-m/nofp\libgcc.a
LOAD d:/games/stm32cubeide_1.6.0/stm32cubeide/plugins/com.st.stm32cube.ide.mcu.externaltools.gnu-tools-for-stm32.9-2020-q2-update.win32_1.5.0.202011040924/tools/bin/../lib/gcc/arm-none-eabi/9.3.1/../../../../arm-none-eabi/lib/thumb/v7-m/nofp\libc_nano.a
LOAD d:/games/stm32cubeide_1.6.0/stm32cubeide/plugins/com.st.stm32cube.ide.mcu.externaltools.gnu-tools-for-stm32.9-2020-q2-update.win32_1.5.0.202011040924/tools/bin/../lib/gcc/arm-none-eabi/9.3.1/../../../../arm-none-eabi/lib/thumb/v7-m/nofp\libnosys.a
END GROUP
LOAD d:/games/stm32cubeide_1.6.0/stm32cubeide/plugins/com.st.stm32cube.ide.mcu.externaltools.gnu-tools-for-stm32.9-2020-q2-update.win32_1.5.0.202011040924/tools/bin/../lib/gcc/arm-none-eabi/9.3.1/thumb/v7-m/nofp/crtend.o
LOAD d:/games/stm32cubeide_1.6.0/stm32cubeide/plugins/com.st.stm32cube.ide.mcu.externaltools.gnu-tools-for-stm32.9-2020-q2-update.win32_1.5.0.202011040924/tools/bin/../lib/gcc/arm-none-eabi/9.3.1/thumb/v7-m/nofp/crtn.o
                0x0000000020005000                _estack = (ORIGIN (RAM) + LENGTH (RAM))
                0x0000000000000200                _Min_Heap_Size = 0x200
                0x0000000000000400                _Min_Stack_Size = 0x400

.isr_vector     0x0000000008000000      0x10c
                0x0000000008000000                . = ALIGN (0x4)
 *(.isr_vector)
 .isr_vector    0x0000000008000000      0x10c Core/Startup/startup_stm32f103c8tx.o
                0x0000000008000000                g_pfnVectors
                0x000000000800010c                . = ALIGN (0x4)

.text           0x0000000008000110     0x59a8
                0x0000000008000110                . = ALIGN (0x4)
 *(.text)
 .text          0x0000000008000110       0x40 d:/games/stm32cubeide_1.6.0/stm32cubeide/plugins/com.st.stm32cube.ide.mcu.externaltools.gnu-tools-for-stm32.9-2020-q2-update.win32_1.5.0.202011040924/tools/bin/../lib/gcc/arm-none-eabi/9.3.1/thumb/v7-m/nofp/crtbegin.o
 .text          0x0000000008000150      0x254 d:/games/stm32cubeide_1.6.0/stm32cubeide/plugins/com.st.stm32cube.ide.mcu.externaltools.gnu-tools-for-stm32.9-2020-q2-update.win32_1.5.0.202011040924/tools/bin/../lib/gcc/arm-none-eabi/9.3.1/thumb/v7-m/nofp\libgcc.a(_arm_muldf3.o)
                0x0000000008000150                __muldf3
                0x0000000008000150                __aeabi_dmul
 .text          0x00000000080003a4      0x378 d:/games/stm32cubeide_1.6.0/stm32cubeide/plugins/com.st.stm32cube.ide.mcu.externaltools.gnu-tools-for-stm32.9-2020-q2-update.win32_1.5.0.202011040924/tools/bin/../lib/gcc/arm-none-eabi/9.3.1/thumb/v7-m/nofp\libgcc.a(_arm_addsubdf3.o)
                0x00000000080003a4                __aeabi_drsub
                0x00000000080003ac                __aeabi_dsub
                0x00000000080003ac                __subdf3
                0x00000000080003b0                __aeabi_dadd
                0x00000000080003b0                __adddf3
                0x0000000008000628                __floatunsidf
                0x0000000008000628                __aeabi_ui2d
                0x0000000008000648                __floatsidf
                0x0000000008000648                __aeabi_i2d
                0x000000000800066c                __aeabi_f2d
                0x000000000800066c                __extendsfdf2
                0x00000000080006b0                __floatundidf
                0x00000000080006b0                __aeabi_ul2d
                0x00000000080006c0                __floatdidf
                0x00000000080006c0                __aeabi_l2d
 .text          0x000000000800071c       0xa0 d:/games/stm32cubeide_1.6.0/stm32cubeide/plugins/com.st.stm32cube.ide.mcu.externaltools.gnu-tools-for-stm32.9-2020-q2-update.win32_1.5.0.202011040924/tools/bin/../lib/gcc/arm-none-eabi/9.3.1/thumb/v7-m/nofp\libgcc.a(_arm_truncdfsf2.o)
                0x000000000800071c                __truncdfsf2
                0x000000000800071c                __aeabi_d2f
 .text          0x00000000080007bc      0x21c d:/games/stm32cubeide_1.6.0/stm32cubeide/plugins/com.st.stm32cube.ide.mcu.externaltools.gnu-tools-for-stm32.9-2020-q2-update.win32_1.5.0.202011040924/tools/bin/../lib/gcc/arm-none-eabi/9.3.1/thumb/v7-m/nofp\libgcc.a(_arm_addsubsf3.o)
                0x00000000080007bc                __aeabi_frsub
                0x00000000080007c4                __subsf3
                0x00000000080007c4                __aeabi_fsub
                0x00000000080007c8                __aeabi_fadd
                0x00000000080007c8                __addsf3
                0x0000000008000928                __aeabi_ui2f
                0x0000000008000928                __floatunsisf
                0x0000000008000930                __aeabi_i2f
                0x0000000008000930                __floatsisf
                0x000000000800094c                __aeabi_ul2f
                0x000000000800094c                __floatundisf
                0x000000000800095c                __aeabi_l2f
                0x000000000800095c                __floatdisf
 .text          0x00000000080009d8       0xec d:/games/stm32cubeide_1.6.0/stm32cubeide/plugins/com.st.stm32cube.ide.mcu.externaltools.gnu-tools-for-stm32.9-2020-q2-update.win32_1.5.0.202011040924/tools/bin/../lib/gcc/arm-none-eabi/9.3.1/thumb/v7-m/nofp\libgcc.a(_arm_cmpsf2.o)
                0x00000000080009d8                __gesf2
                0x00000000080009d8                __gtsf2
                0x00000000080009e0                __lesf2
                0x00000000080009e0                __ltsf2
                0x00000000080009e8                __nesf2
                0x00000000080009e8                __eqsf2
                0x00000000080009e8                __cmpsf2
                0x0000000008000a48                __aeabi_cfrcmple
                0x0000000008000a50                __aeabi_cfcmpeq
                0x0000000008000a50                __aeabi_cfcmple
                0x0000000008000a60                __aeabi_fcmpeq
                0x0000000008000a74                __aeabi_fcmplt
                0x0000000008000a88                __aeabi_fcmple
                0x0000000008000a9c                __aeabi_fcmpge
                0x0000000008000ab0                __aeabi_fcmpgt
 .text          0x0000000008000ac4       0x40 d:/games/stm32cubeide_1.6.0/stm32cubeide/plugins/com.st.stm32cube.ide.mcu.externaltools.gnu-tools-for-stm32.9-2020-q2-update.win32_1.5.0.202011040924/tools/bin/../lib/gcc/arm-none-eabi/9.3.1/thumb/v7-m/nofp\libgcc.a(_arm_fixunssfsi.o)
                0x0000000008000ac4                __fixunssfsi
                0x0000000008000ac4                __aeabi_f2uiz
 *(.text*)
 .text.mytftset
                0x0000000008000b04       0xf4 Core/Src/main.o
                0x0000000008000b04                mytftset
 .text.encoder  0x0000000008000bf8      0x528 Core/Src/main.o
                0x0000000008000bf8                encoder
 .text.TermoControl
                0x0000000008001120      0x1cc Core/Src/main.o
                0x0000000008001120                TermoControl
 .text.fenreset
                0x00000000080012ec       0x28 Core/Src/main.o
                0x00000000080012ec                fenreset
 .text.setPWM   0x0000000008001314       0x2c Core/Src/main.o
                0x0000000008001314                setPWM
 .text.menu     0x0000000008001340      0x19c Core/Src/main.o
                0x0000000008001340                menu
 *fill*         0x00000000080014dc        0x4 
 .text.main     0x00000000080014e0      0x1c0 Core/Src/main.o
                0x00000000080014e0                main
 .text.SystemClock_Config
                0x00000000080016a0       0xb6 Core/Src/main.o
                0x00000000080016a0                SystemClock_Config
 *fill*         0x0000000008001756        0x2 
 .text.MX_ADC1_Init
                0x0000000008001758       0x7c Core/Src/main.o
 .text.MX_ADC2_Init
                0x00000000080017d4       0x7c Core/Src/main.o
 .text.MX_SPI2_Init
                0x0000000008001850       0x6c Core/Src/main.o
 .text.MX_TIM2_Init
                0x00000000080018bc       0xc0 Core/Src/main.o
 .text.MX_TIM4_Init
                0x000000000800197c       0xb4 Core/Src/main.o
 .text.MX_GPIO_Init
                0x0000000008001a30      0x1a0 Core/Src/main.o
 .text.Error_Handler
                0x0000000008001bd0        0xa Core/Src/main.o
                0x0000000008001bd0                Error_Handler
 *fill*         0x0000000008001bda        0x2 
 .text.ST7789_WriteCommand
                0x0000000008001bdc       0x50 Core/Src/st7789.o
 .text.ST7789_WriteData
                0x0000000008001c2c       0x78 Core/Src/st7789.o
 .text.ST7789_WriteSmallData
                0x0000000008001ca4       0x50 Core/Src/st7789.o
 .text.ST7789_SetRotation
                0x0000000008001cf4       0x58 Core/Src/st7789.o
                0x0000000008001cf4                ST7789_SetRotation
 .text.ST7789_SetAddressWindow
                0x0000000008001d4c       0xbc Core/Src/st7789.o
 .text.ST7789_Init
                0x0000000008001e08      0x140 Core/Src/st7789.o
                0x0000000008001e08                ST7789_Init
 .text.ST7789_Fill_Color
                0x0000000008001f48       0x7c Core/Src/st7789.o
                0x0000000008001f48                ST7789_Fill_Color
 .text.ST7789_DrawPixel
                0x0000000008001fc4       0x6c Core/Src/st7789.o
                0x0000000008001fc4                ST7789_DrawPixel
 .text.ST7789_DrawLine
                0x0000000008002030      0x118 Core/Src/st7789.o
                0x0000000008002030                ST7789_DrawLine
 .text.ST7789_DrawRectangle
                0x0000000008002148       0x8c Core/Src/st7789.o
                0x0000000008002148                ST7789_DrawRectangle
 .text.ST7789_WriteChar
                0x00000000080021d4      0x104 Core/Src/st7789.o
                0x00000000080021d4                ST7789_WriteChar
 .text.ST7789_WriteString
                0x00000000080022d8       0xa8 Core/Src/st7789.o
                0x00000000080022d8                ST7789_WriteString
 .text.HAL_MspInit
                0x0000000008002380       0x64 Core/Src/stm32f1xx_hal_msp.o
                0x0000000008002380                HAL_MspInit
 .text.HAL_ADC_MspInit
                0x00000000080023e4       0xcc Core/Src/stm32f1xx_hal_msp.o
                0x00000000080023e4                HAL_ADC_MspInit
 .text.HAL_SPI_MspInit
                0x00000000080024b0       0x80 Core/Src/stm32f1xx_hal_msp.o
                0x00000000080024b0                HAL_SPI_MspInit
 .text.HAL_TIM_Encoder_MspInit
                0x0000000008002530       0xd8 Core/Src/stm32f1xx_hal_msp.o
                0x0000000008002530                HAL_TIM_Encoder_MspInit
 .text.HAL_TIM_PWM_MspInit
                0x0000000008002608       0x3c Core/Src/stm32f1xx_hal_msp.o
                0x0000000008002608                HAL_TIM_PWM_MspInit
 .text.HAL_TIM_MspPostInit
                0x0000000008002644       0x64 Core/Src/stm32f1xx_hal_msp.o
                0x0000000008002644                HAL_TIM_MspPostInit
 .text.NMI_Handler
                0x00000000080026a8        0x6 Core/Src/stm32f1xx_it.o
                0x00000000080026a8                NMI_Handler
 .text.HardFault_Handler
                0x00000000080026ae        0x6 Core/Src/stm32f1xx_it.o
                0x00000000080026ae                HardFault_Handler
 .text.MemManage_Handler
                0x00000000080026b4        0x6 Core/Src/stm32f1xx_it.o
                0x00000000080026b4                MemManage_Handler
 .text.BusFault_Handler
                0x00000000080026ba        0x6 Core/Src/stm32f1xx_it.o
                0x00000000080026ba                BusFault_Handler
 .text.UsageFault_Handler
                0x00000000080026c0        0x6 Core/Src/stm32f1xx_it.o
                0x00000000080026c0                UsageFault_Handler
 .text.SVC_Handler
                0x00000000080026c6        0xc Core/Src/stm32f1xx_it.o
                0x00000000080026c6                SVC_Handler
 .text.DebugMon_Handler
                0x00000000080026d2        0xc Core/Src/stm32f1xx_it.o
                0x00000000080026d2                DebugMon_Handler
 .text.PendSV_Handler
                0x00000000080026de        0xc Core/Src/stm32f1xx_it.o
                0x00000000080026de                PendSV_Handler
 .text.SysTick_Handler
                0x00000000080026ea        0xc Core/Src/stm32f1xx_it.o
                0x00000000080026ea                SysTick_Handler
 *fill*         0x00000000080026f6        0x2 
 .text._sbrk    0x00000000080026f8       0x6c Core/Src/sysmem.o
                0x00000000080026f8                _sbrk
 .text.SystemInit
                0x0000000008002764        0xc Core/Src/system_stm32f1xx.o
                0x0000000008002764                SystemInit
 .text.Reset_Handler
                0x0000000008002770       0x48 Core/Startup/startup_stm32f103c8tx.o
                0x0000000008002770                Reset_Handler
 .text.Default_Handler
                0x00000000080027b8        0x2 Core/Startup/startup_stm32f103c8tx.o
                0x00000000080027b8                RTC_Alarm_IRQHandler
                0x00000000080027b8                EXTI2_IRQHandler
                0x00000000080027b8                TIM1_CC_IRQHandler
                0x00000000080027b8                PVD_IRQHandler
                0x00000000080027b8                EXTI3_IRQHandler
                0x00000000080027b8                EXTI0_IRQHandler
                0x00000000080027b8                I2C2_EV_IRQHandler
                0x00000000080027b8                ADC1_2_IRQHandler
                0x00000000080027b8                SPI1_IRQHandler
                0x00000000080027b8                TAMPER_IRQHandler
                0x00000000080027b8                DMA1_Channel4_IRQHandler
                0x00000000080027b8                USART3_IRQHandler
                0x00000000080027b8                RTC_IRQHandler
                0x00000000080027b8                DMA1_Channel7_IRQHandler
                0x00000000080027b8                CAN1_RX1_IRQHandler
                0x00000000080027b8                TIM4_IRQHandler
                0x00000000080027b8                I2C1_EV_IRQHandler
                0x00000000080027b8                DMA1_Channel6_IRQHandler
                0x00000000080027b8                TIM3_IRQHandler
                0x00000000080027b8                RCC_IRQHandler
                0x00000000080027b8                TIM1_TRG_COM_IRQHandler
                0x00000000080027b8                DMA1_Channel1_IRQHandler
                0x00000000080027b8                Default_Handler
                0x00000000080027b8                EXTI15_10_IRQHandler
                0x00000000080027b8                EXTI9_5_IRQHandler
                0x00000000080027b8                SPI2_IRQHandler
                0x00000000080027b8                DMA1_Channel5_IRQHandler
                0x00000000080027b8                EXTI4_IRQHandler
                0x00000000080027b8                USB_LP_CAN1_RX0_IRQHandler
                0x00000000080027b8                USB_HP_CAN1_TX_IRQHandler
                0x00000000080027b8                DMA1_Channel3_IRQHandler
                0x00000000080027b8                TIM1_UP_IRQHandler
                0x00000000080027b8                WWDG_IRQHandler
                0x00000000080027b8                TIM2_IRQHandler
                0x00000000080027b8                TIM1_BRK_IRQHandler
                0x00000000080027b8                EXTI1_IRQHandler
                0x00000000080027b8                USART2_IRQHandler
                0x00000000080027b8                I2C2_ER_IRQHandler
                0x00000000080027b8                DMA1_Channel2_IRQHandler
                0x00000000080027b8                CAN1_SCE_IRQHandler
                0x00000000080027b8                FLASH_IRQHandler
                0x00000000080027b8                USART1_IRQHandler
                0x00000000080027b8                I2C1_ER_IRQHandler
                0x00000000080027b8                USBWakeUp_IRQHandler
 *fill*         0x00000000080027ba        0x2 
 .text.HAL_Init
                0x00000000080027bc       0x2c Drivers/STM32F1xx_HAL_Driver/Src/stm32f1xx_hal.o
                0x00000000080027bc                HAL_Init
 .text.HAL_InitTick
                0x00000000080027e8       0x60 Drivers/STM32F1xx_HAL_Driver/Src/stm32f1xx_hal.o
                0x00000000080027e8                HAL_InitTick
 .text.HAL_IncTick
                0x0000000008002848       0x24 Drivers/STM32F1xx_HAL_Driver/Src/stm32f1xx_hal.o
                0x0000000008002848                HAL_IncTick
 .text.HAL_GetTick
                0x000000000800286c       0x14 Drivers/STM32F1xx_HAL_Driver/Src/stm32f1xx_hal.o
                0x000000000800286c                HAL_GetTick
 .text.HAL_Delay
                0x0000000008002880       0x48 Drivers/STM32F1xx_HAL_Driver/Src/stm32f1xx_hal.o
                0x0000000008002880                HAL_Delay
 .text.HAL_ADC_Init
                0x00000000080028c8      0x1b0 Drivers/STM32F1xx_HAL_Driver/Src/stm32f1xx_hal_adc.o
                0x00000000080028c8                HAL_ADC_Init
 .text.HAL_ADC_Start
                0x0000000008002a78      0x15c Drivers/STM32F1xx_HAL_Driver/Src/stm32f1xx_hal_adc.o
                0x0000000008002a78                HAL_ADC_Start
 .text.HAL_ADC_Stop
                0x0000000008002bd4       0x58 Drivers/STM32F1xx_HAL_Driver/Src/stm32f1xx_hal_adc.o
                0x0000000008002bd4                HAL_ADC_Stop
 .text.HAL_ADC_PollForConversion
                0x0000000008002c2c      0x1f4 Drivers/STM32F1xx_HAL_Driver/Src/stm32f1xx_hal_adc.o
                0x0000000008002c2c                HAL_ADC_PollForConversion
 .text.HAL_ADC_GetValue
                0x0000000008002e20       0x18 Drivers/STM32F1xx_HAL_Driver/Src/stm32f1xx_hal_adc.o
                0x0000000008002e20                HAL_ADC_GetValue
 .text.HAL_ADC_ConfigChannel
                0x0000000008002e38      0x1f0 Drivers/STM32F1xx_HAL_Driver/Src/stm32f1xx_hal_adc.o
                0x0000000008002e38                HAL_ADC_ConfigChannel
 .text.ADC_Enable
                0x0000000008003028       0xa4 Drivers/STM32F1xx_HAL_Driver/Src/stm32f1xx_hal_adc.o
                0x0000000008003028                ADC_Enable
 .text.ADC_ConversionStop_Disable
                0x00000000080030cc       0x74 Drivers/STM32F1xx_HAL_Driver/Src/stm32f1xx_hal_adc.o
                0x00000000080030cc                ADC_ConversionStop_Disable
 .text.__NVIC_SetPriorityGrouping
                0x0000000008003140       0x48 Drivers/STM32F1xx_HAL_Driver/Src/stm32f1xx_hal_cortex.o
 .text.__NVIC_GetPriorityGrouping
                0x0000000008003188       0x1c Drivers/STM32F1xx_HAL_Driver/Src/stm32f1xx_hal_cortex.o
 .text.__NVIC_SetPriority
                0x00000000080031a4       0x54 Drivers/STM32F1xx_HAL_Driver/Src/stm32f1xx_hal_cortex.o
 .text.NVIC_EncodePriority
                0x00000000080031f8       0x64 Drivers/STM32F1xx_HAL_Driver/Src/stm32f1xx_hal_cortex.o
 .text.SysTick_Config
                0x000000000800325c       0x44 Drivers/STM32F1xx_HAL_Driver/Src/stm32f1xx_hal_cortex.o
 .text.HAL_NVIC_SetPriorityGrouping
                0x00000000080032a0       0x16 Drivers/STM32F1xx_HAL_Driver/Src/stm32f1xx_hal_cortex.o
                0x00000000080032a0                HAL_NVIC_SetPriorityGrouping
 .text.HAL_NVIC_SetPriority
                0x00000000080032b6       0x38 Drivers/STM32F1xx_HAL_Driver/Src/stm32f1xx_hal_cortex.o
                0x00000000080032b6                HAL_NVIC_SetPriority
 .text.HAL_SYSTICK_Config
                0x00000000080032ee       0x18 Drivers/STM32F1xx_HAL_Driver/Src/stm32f1xx_hal_cortex.o
                0x00000000080032ee                HAL_SYSTICK_Config
 *fill*         0x0000000008003306        0x2 
 .text.HAL_GPIO_Init
                0x0000000008003308      0x308 Drivers/STM32F1xx_HAL_Driver/Src/stm32f1xx_hal_gpio.o
                0x0000000008003308                HAL_GPIO_Init
 .text.HAL_GPIO_ReadPin
                0x0000000008003610       0x2e Drivers/STM32F1xx_HAL_Driver/Src/stm32f1xx_hal_gpio.o
                0x0000000008003610                HAL_GPIO_ReadPin
 .text.HAL_GPIO_WritePin
                0x000000000800363e       0x30 Drivers/STM32F1xx_HAL_Driver/Src/stm32f1xx_hal_gpio.o
                0x000000000800363e                HAL_GPIO_WritePin
 *fill*         0x000000000800366e        0x2 
 .text.HAL_RCC_OscConfig
                0x0000000008003670      0x500 Drivers/STM32F1xx_HAL_Driver/Src/stm32f1xx_hal_rcc.o
                0x0000000008003670                HAL_RCC_OscConfig
 .text.HAL_RCC_ClockConfig
                0x0000000008003b70      0x1d4 Drivers/STM32F1xx_HAL_Driver/Src/stm32f1xx_hal_rcc.o
                0x0000000008003b70                HAL_RCC_ClockConfig
 .text.HAL_RCC_GetSysClockFreq
                0x0000000008003d44       0xc0 Drivers/STM32F1xx_HAL_Driver/Src/stm32f1xx_hal_rcc.o
                0x0000000008003d44                HAL_RCC_GetSysClockFreq
 .text.HAL_RCC_GetHCLKFreq
                0x0000000008003e04       0x14 Drivers/STM32F1xx_HAL_Driver/Src/stm32f1xx_hal_rcc.o
                0x0000000008003e04                HAL_RCC_GetHCLKFreq
 .text.HAL_RCC_GetPCLK2Freq
                0x0000000008003e18       0x28 Drivers/STM32F1xx_HAL_Driver/Src/stm32f1xx_hal_rcc.o
                0x0000000008003e18                HAL_RCC_GetPCLK2Freq
 .text.RCC_Delay
                0x0000000008003e40       0x3c Drivers/STM32F1xx_HAL_Driver/Src/stm32f1xx_hal_rcc.o
 .text.HAL_RCCEx_PeriphCLKConfig
                0x0000000008003e7c      0x16c Drivers/STM32F1xx_HAL_Driver/Src/stm32f1xx_hal_rcc_ex.o
                0x0000000008003e7c                HAL_RCCEx_PeriphCLKConfig
 .text.HAL_RCCEx_GetPeriphCLKFreq
                0x0000000008003fe8      0x188 Drivers/STM32F1xx_HAL_Driver/Src/stm32f1xx_hal_rcc_ex.o
                0x0000000008003fe8                HAL_RCCEx_GetPeriphCLKFreq
 .text.HAL_SPI_Init
                0x0000000008004170      0x108 Drivers/STM32F1xx_HAL_Driver/Src/stm32f1xx_hal_spi.o
                0x0000000008004170                HAL_SPI_Init
 .text.HAL_SPI_Transmit
                0x0000000008004278      0x278 Drivers/STM32F1xx_HAL_Driver/Src/stm32f1xx_hal_spi.o
                0x0000000008004278                HAL_SPI_Transmit
 .text.SPI_WaitFlagStateUntilTimeout
                0x00000000080044f0      0x110 Drivers/STM32F1xx_HAL_Driver/Src/stm32f1xx_hal_spi.o
 .text.SPI_EndRxTxTransaction
                0x0000000008004600       0x3c Drivers/STM32F1xx_HAL_Driver/Src/stm32f1xx_hal_spi.o
 .text.HAL_TIM_PWM_Init
                0x000000000800463c       0x9e Drivers/STM32F1xx_HAL_Driver/Src/stm32f1xx_hal_tim.o
                0x000000000800463c                HAL_TIM_PWM_Init
 *fill*         0x00000000080046da        0x2 
 .text.HAL_TIM_PWM_Start_IT
                0x00000000080046dc      0x1d0 Drivers/STM32F1xx_HAL_Driver/Src/stm32f1xx_hal_tim.o
                0x00000000080046dc                HAL_TIM_PWM_Start_IT
 .text.HAL_TIM_Encoder_Init
                0x00000000080048ac      0x144 Drivers/STM32F1xx_HAL_Driver/Src/stm32f1xx_hal_tim.o
                0x00000000080048ac                HAL_TIM_Encoder_Init
 .text.HAL_TIM_Encoder_Start
                0x00000000080049f0      0x11c Drivers/STM32F1xx_HAL_Driver/Src/stm32f1xx_hal_tim.o
                0x00000000080049f0                HAL_TIM_Encoder_Start
 .text.HAL_TIM_PWM_ConfigChannel
                0x0000000008004b0c      0x17c Drivers/STM32F1xx_HAL_Driver/Src/stm32f1xx_hal_tim.o
                0x0000000008004b0c                HAL_TIM_PWM_ConfigChannel
 .text.TIM_Base_SetConfig
                0x0000000008004c88       0xc4 Drivers/STM32F1xx_HAL_Driver/Src/stm32f1xx_hal_tim.o
                0x0000000008004c88                TIM_Base_SetConfig
 .text.TIM_OC1_SetConfig
                0x0000000008004d4c       0xcc Drivers/STM32F1xx_HAL_Driver/Src/stm32f1xx_hal_tim.o
 .text.TIM_OC2_SetConfig
                0x0000000008004e18       0xd4 Drivers/STM32F1xx_HAL_Driver/Src/stm32f1xx_hal_tim.o
                0x0000000008004e18                TIM_OC2_SetConfig
 .text.TIM_OC3_SetConfig
                0x0000000008004eec       0xd4 Drivers/STM32F1xx_HAL_Driver/Src/stm32f1xx_hal_tim.o
 .text.TIM_OC4_SetConfig
                0x0000000008004fc0       0x9c Drivers/STM32F1xx_HAL_Driver/Src/stm32f1xx_hal_tim.o
 .text.TIM_CCxChannelCmd
                0x000000000800505c       0x48 Drivers/STM32F1xx_HAL_Driver/Src/stm32f1xx_hal_tim.o
                0x000000000800505c                TIM_CCxChannelCmd
 .text.HAL_TIMEx_MasterConfigSynchronization
                0x00000000080050a4       0xbc Drivers/STM32F1xx_HAL_Driver/Src/stm32f1xx_hal_tim_ex.o
                0x00000000080050a4                HAL_TIMEx_MasterConfigSynchronization
 .text.__errno  0x0000000008005160        0xc d:/games/stm32cubeide_1.6.0/stm32cubeide/plugins/com.st.stm32cube.ide.mcu.externaltools.gnu-tools-for-stm32.9-2020-q2-update.win32_1.5.0.202011040924/tools/bin/../lib/gcc/arm-none-eabi/9.3.1/../../../../arm-none-eabi/lib/thumb/v7-m/nofp\libc_nano.a(lib_a-errno.o)
                0x0000000008005160                __errno
 .text.__libc_init_array
                0x000000000800516c       0x48 d:/games/stm32cubeide_1.6.0/stm32cubeide/plugins/com.st.stm32cube.ide.mcu.externaltools.gnu-tools-for-stm32.9-2020-q2-update.win32_1.5.0.202011040924/tools/bin/../lib/gcc/arm-none-eabi/9.3.1/../../../../arm-none-eabi/lib/thumb/v7-m/nofp\libc_nano.a(lib_a-init.o)
                0x000000000800516c                __libc_init_array
 .text.memset   0x00000000080051b4       0x10 d:/games/stm32cubeide_1.6.0/stm32cubeide/plugins/com.st.stm32cube.ide.mcu.externaltools.gnu-tools-for-stm32.9-2020-q2-update.win32_1.5.0.202011040924/tools/bin/../lib/gcc/arm-none-eabi/9.3.1/../../../../arm-none-eabi/lib/thumb/v7-m/nofp\libc_nano.a(lib_a-memset.o)
                0x00000000080051b4                memset
 .text.snprintf
                0x00000000080051c4       0x68 d:/games/stm32cubeide_1.6.0/stm32cubeide/plugins/com.st.stm32cube.ide.mcu.externaltools.gnu-tools-for-stm32.9-2020-q2-update.win32_1.5.0.202011040924/tools/bin/../lib/gcc/arm-none-eabi/9.3.1/../../../../arm-none-eabi/lib/thumb/v7-m/nofp\libc_nano.a(lib_a-snprintf.o)
                0x00000000080051c4                sniprintf
                0x00000000080051c4                snprintf
 .text.sprintf  0x000000000800522c       0x40 d:/games/stm32cubeide_1.6.0/stm32cubeide/plugins/com.st.stm32cube.ide.mcu.externaltools.gnu-tools-for-stm32.9-2020-q2-update.win32_1.5.0.202011040924/tools/bin/../lib/gcc/arm-none-eabi/9.3.1/../../../../arm-none-eabi/lib/thumb/v7-m/nofp\libc_nano.a(lib_a-sprintf.o)
                0x000000000800522c                siprintf
                0x000000000800522c                sprintf
 .text.__ssputs_r
                0x000000000800526c       0xb6 d:/games/stm32cubeide_1.6.0/stm32cubeide/plugins/com.st.stm32cube.ide.mcu.externaltools.gnu-tools-for-stm32.9-2020-q2-update.win32_1.5.0.202011040924/tools/bin/../lib/gcc/arm-none-eabi/9.3.1/../../../../arm-none-eabi/lib/thumb/v7-m/nofp\libc_nano.a(lib_a-nano-svfprintf.o)
                0x000000000800526c                __ssputs_r
 *fill*         0x0000000008005322        0x2 
 .text._svfprintf_r
                0x0000000008005324      0x200 d:/games/stm32cubeide_1.6.0/stm32cubeide/plugins/com.st.stm32cube.ide.mcu.externaltools.gnu-tools-for-stm32.9-2020-q2-update.win32_1.5.0.202011040924/tools/bin/../lib/gcc/arm-none-eabi/9.3.1/../../../../arm-none-eabi/lib/thumb/v7-m/nofp\libc_nano.a(lib_a-nano-svfprintf.o)
                0x0000000008005324                _svfiprintf_r
                0x0000000008005324                _svfprintf_r
 .text._printf_common
                0x0000000008005524       0xde d:/games/stm32cubeide_1.6.0/stm32cubeide/plugins/com.st.stm32cube.ide.mcu.externaltools.gnu-tools-for-stm32.9-2020-q2-update.win32_1.5.0.202011040924/tools/bin/../lib/gcc/arm-none-eabi/9.3.1/../../../../arm-none-eabi/lib/thumb/v7-m/nofp\libc_nano.a(lib_a-nano-vfprintf_i.o)
                0x0000000008005524                _printf_common
 *fill*         0x0000000008005602        0x2 
 .text._printf_i
                0x0000000008005604      0x24c d:/games/stm32cubeide_1.6.0/stm32cubeide/plugins/com.st.stm32cube.ide.mcu.externaltools.gnu-tools-for-stm32.9-2020-q2-update.win32_1.5.0.202011040924/tools/bin/../lib/gcc/arm-none-eabi/9.3.1/../../../../arm-none-eabi/lib/thumb/v7-m/nofp\libc_nano.a(lib_a-nano-vfprintf_i.o)
                0x0000000008005604                _printf_i
 .text.memchr   0x0000000008005850       0x1c d:/games/stm32cubeide_1.6.0/stm32cubeide/plugins/com.st.stm32cube.ide.mcu.externaltools.gnu-tools-for-stm32.9-2020-q2-update.win32_1.5.0.202011040924/tools/bin/../lib/gcc/arm-none-eabi/9.3.1/../../../../arm-none-eabi/lib/thumb/v7-m/nofp\libc_nano.a(lib_a-memchr-stub.o)
                0x0000000008005850                memchr
 .text.memcpy   0x000000000800586c       0x1c d:/games/stm32cubeide_1.6.0/stm32cubeide/plugins/com.st.stm32cube.ide.mcu.externaltools.gnu-tools-for-stm32.9-2020-q2-update.win32_1.5.0.202011040924/tools/bin/../lib/gcc/arm-none-eabi/9.3.1/../../../../arm-none-eabi/lib/thumb/v7-m/nofp\libc_nano.a(lib_a-memcpy-stub.o)
                0x000000000800586c                memcpy
 .text.memmove  0x0000000008005888       0x34 d:/games/stm32cubeide_1.6.0/stm32cubeide/plugins/com.st.stm32cube.ide.mcu.externaltools.gnu-tools-for-stm32.9-2020-q2-update.win32_1.5.0.202011040924/tools/bin/../lib/gcc/arm-none-eabi/9.3.1/../../../../arm-none-eabi/lib/thumb/v7-m/nofp\libc_nano.a(lib_a-memmove.o)
                0x0000000008005888                memmove
 .text._free_r  0x00000000080058bc       0x98 d:/games/stm32cubeide_1.6.0/stm32cubeide/plugins/com.st.stm32cube.ide.mcu.externaltools.gnu-tools-for-stm32.9-2020-q2-update.win32_1.5.0.202011040924/tools/bin/../lib/gcc/arm-none-eabi/9.3.1/../../../../arm-none-eabi/lib/thumb/v7-m/nofp\libc_nano.a(lib_a-nano-freer.o)
                0x00000000080058bc                _free_r
 .text._malloc_r
                0x0000000008005954       0xb4 d:/games/stm32cubeide_1.6.0/stm32cubeide/plugins/com.st.stm32cube.ide.mcu.externaltools.gnu-tools-for-stm32.9-2020-q2-update.win32_1.5.0.202011040924/tools/bin/../lib/gcc/arm-none-eabi/9.3.1/../../../../arm-none-eabi/lib/thumb/v7-m/nofp\libc_nano.a(lib_a-nano-mallocr.o)
                0x0000000008005954                _malloc_r
 .text._realloc_r
                0x0000000008005a08       0x4c d:/games/stm32cubeide_1.6.0/stm32cubeide/plugins/com.st.stm32cube.ide.mcu.externaltools.gnu-tools-for-stm32.9-2020-q2-update.win32_1.5.0.202011040924/tools/bin/../lib/gcc/arm-none-eabi/9.3.1/../../../../arm-none-eabi/lib/thumb/v7-m/nofp\libc_nano.a(lib_a-nano-reallocr.o)
                0x0000000008005a08                _realloc_r
 .text._sbrk_r  0x0000000008005a54       0x20 d:/games/stm32cubeide_1.6.0/stm32cubeide/plugins/com.st.stm32cube.ide.mcu.externaltools.gnu-tools-for-stm32.9-2020-q2-update.win32_1.5.0.202011040924/tools/bin/../lib/gcc/arm-none-eabi/9.3.1/../../../../arm-none-eabi/lib/thumb/v7-m/nofp\libc_nano.a(lib_a-sbrkr.o)
                0x0000000008005a54                _sbrk_r
 .text.__malloc_lock
                0x0000000008005a74        0xc d:/games/stm32cubeide_1.6.0/stm32cubeide/plugins/com.st.stm32cube.ide.mcu.externaltools.gnu-tools-for-stm32.9-2020-q2-update.win32_1.5.0.202011040924/tools/bin/../lib/gcc/arm-none-eabi/9.3.1/../../../../arm-none-eabi/lib/thumb/v7-m/nofp\libc_nano.a(lib_a-mlock.o)
                0x0000000008005a74                __malloc_lock
 .text.__malloc_unlock
                0x0000000008005a80        0xc d:/games/stm32cubeide_1.6.0/stm32cubeide/plugins/com.st.stm32cube.ide.mcu.externaltools.gnu-tools-for-stm32.9-2020-q2-update.win32_1.5.0.202011040924/tools/bin/../lib/gcc/arm-none-eabi/9.3.1/../../../../arm-none-eabi/lib/thumb/v7-m/nofp\libc_nano.a(lib_a-mlock.o)
                0x0000000008005a80                __malloc_unlock
 .text._malloc_usable_size_r
                0x0000000008005a8c       0x10 d:/games/stm32cubeide_1.6.0/stm32cubeide/plugins/com.st.stm32cube.ide.mcu.externaltools.gnu-tools-for-stm32.9-2020-q2-update.win32_1.5.0.202011040924/tools/bin/../lib/gcc/arm-none-eabi/9.3.1/../../../../arm-none-eabi/lib/thumb/v7-m/nofp\libc_nano.a(lib_a-nano-msizer.o)
                0x0000000008005a8c                _malloc_usable_size_r
 .text.__retarget_lock_acquire_recursive
                0x0000000008005a9c        0x2 d:/games/stm32cubeide_1.6.0/stm32cubeide/plugins/com.st.stm32cube.ide.mcu.externaltools.gnu-tools-for-stm32.9-2020-q2-update.win32_1.5.0.202011040924/tools/bin/../lib/gcc/arm-none-eabi/9.3.1/../../../../arm-none-eabi/lib/thumb/v7-m/nofp\libc_nano.a(lib_a-lock.o)
                0x0000000008005a9c                __retarget_lock_acquire_recursive
 .text.__retarget_lock_release_recursive
                0x0000000008005a9e        0x2 d:/games/stm32cubeide_1.6.0/stm32cubeide/plugins/com.st.stm32cube.ide.mcu.externaltools.gnu-tools-for-stm32.9-2020-q2-update.win32_1.5.0.202011040924/tools/bin/../lib/gcc/arm-none-eabi/9.3.1/../../../../arm-none-eabi/lib/thumb/v7-m/nofp\libc_nano.a(lib_a-lock.o)
                0x0000000008005a9e                __retarget_lock_release_recursive
 *(.glue_7)
 .glue_7        0x0000000008005aa0        0x0 linker stubs
 *(.glue_7t)
 .glue_7t       0x0000000008005aa0        0x0 linker stubs
 *(.eh_frame)
 .eh_frame      0x0000000008005aa0        0x0 d:/games/stm32cubeide_1.6.0/stm32cubeide/plugins/com.st.stm32cube.ide.mcu.externaltools.gnu-tools-for-stm32.9-2020-q2-update.win32_1.5.0.202011040924/tools/bin/../lib/gcc/arm-none-eabi/9.3.1/thumb/v7-m/nofp/crtbegin.o
 *(.init)
 .init          0x0000000008005aa0        0x4 d:/games/stm32cubeide_1.6.0/stm32cubeide/plugins/com.st.stm32cube.ide.mcu.externaltools.gnu-tools-for-stm32.9-2020-q2-update.win32_1.5.0.202011040924/tools/bin/../lib/gcc/arm-none-eabi/9.3.1/thumb/v7-m/nofp/crti.o
                0x0000000008005aa0                _init
 .init          0x0000000008005aa4        0x8 d:/games/stm32cubeide_1.6.0/stm32cubeide/plugins/com.st.stm32cube.ide.mcu.externaltools.gnu-tools-for-stm32.9-2020-q2-update.win32_1.5.0.202011040924/tools/bin/../lib/gcc/arm-none-eabi/9.3.1/thumb/v7-m/nofp/crtn.o
 *(.fini)
 .fini          0x0000000008005aac        0x4 d:/games/stm32cubeide_1.6.0/stm32cubeide/plugins/com.st.stm32cube.ide.mcu.externaltools.gnu-tools-for-stm32.9-2020-q2-update.win32_1.5.0.202011040924/tools/bin/../lib/gcc/arm-none-eabi/9.3.1/thumb/v7-m/nofp/crti.o
                0x0000000008005aac                _fini
 .fini          0x0000000008005ab0        0x8 d:/games/stm32cubeide_1.6.0/stm32cubeide/plugins/com.st.stm32cube.ide.mcu.externaltools.gnu-tools-for-stm32.9-2020-q2-update.win32_1.5.0.202011040924/tools/bin/../lib/gcc/arm-none-eabi/9.3.1/thumb/v7-m/nofp/crtn.o
                0x0000000008005ab8                . = ALIGN (0x4)
                0x0000000008005ab8                _etext = .

.vfp11_veneer   0x0000000008005ab8        0x0
 .vfp11_veneer  0x0000000008005ab8        0x0 linker stubs

.v4_bx          0x0000000008005ab8        0x0
 .v4_bx         0x0000000008005ab8        0x0 linker stubs

.iplt           0x0000000008005ab8        0x0
 .iplt          0x0000000008005ab8        0x0 d:/games/stm32cubeide_1.6.0/stm32cubeide/plugins/com.st.stm32cube.ide.mcu.externaltools.gnu-tools-for-stm32.9-2020-q2-update.win32_1.5.0.202011040924/tools/bin/../lib/gcc/arm-none-eabi/9.3.1/thumb/v7-m/nofp/crtbegin.o

.rodata         0x0000000008005ab8     0x1488
                0x0000000008005ab8                . = ALIGN (0x4)
 *(.rodata)
 .rodata        0x0000000008005ab8       0x36 Core/Src/main.o
 *fill*         0x0000000008005aee        0x2 
 .rodata        0x0000000008005af0       0x97 Core/Src/st7789.o
 *fill*         0x0000000008005b87        0x1 
 .rodata        0x0000000008005b88       0x10 Drivers/STM32F1xx_HAL_Driver/Src/stm32f1xx_hal_rcc.o
 .rodata        0x0000000008005b98       0x10 Drivers/STM32F1xx_HAL_Driver/Src/stm32f1xx_hal_rcc_ex.o
 *(.rodata*)
 .rodata.Font16x26
                0x0000000008005ba8     0x134c Core/Src/fonts.o
 .rodata.AHBPrescTable
                0x0000000008006ef4       0x10 Core/Src/system_stm32f1xx.o
                0x0000000008006ef4                AHBPrescTable
 .rodata.APBPrescTable
                0x0000000008006f04        0x8 Core/Src/system_stm32f1xx.o
                0x0000000008006f04                APBPrescTable
 .rodata._svfprintf_r.str1.1
                0x0000000008006f0c       0x11 d:/games/stm32cubeide_1.6.0/stm32cubeide/plugins/com.st.stm32cube.ide.mcu.externaltools.gnu-tools-for-stm32.9-2020-q2-update.win32_1.5.0.202011040924/tools/bin/../lib/gcc/arm-none-eabi/9.3.1/../../../../arm-none-eabi/lib/thumb/v7-m/nofp\libc_nano.a(lib_a-nano-svfprintf.o)
 .rodata._printf_i.str1.1
                0x0000000008006f1d       0x22 d:/games/stm32cubeide_1.6.0/stm32cubeide/plugins/com.st.stm32cube.ide.mcu.externaltools.gnu-tools-for-stm32.9-2020-q2-update.win32_1.5.0.202011040924/tools/bin/../lib/gcc/arm-none-eabi/9.3.1/../../../../arm-none-eabi/lib/thumb/v7-m/nofp\libc_nano.a(lib_a-nano-vfprintf_i.o)
                0x0000000008006f40                . = ALIGN (0x4)
 *fill*         0x0000000008006f3f        0x1 

.rel.dyn        0x0000000008006f40        0x0
 .rel.iplt      0x0000000008006f40        0x0 d:/games/stm32cubeide_1.6.0/stm32cubeide/plugins/com.st.stm32cube.ide.mcu.externaltools.gnu-tools-for-stm32.9-2020-q2-update.win32_1.5.0.202011040924/tools/bin/../lib/gcc/arm-none-eabi/9.3.1/thumb/v7-m/nofp/crtbegin.o

.ARM.extab      0x0000000008006f40        0x0
                0x0000000008006f40                . = ALIGN (0x4)
 *(.ARM.extab* .gnu.linkonce.armextab.*)
                0x0000000008006f40                . = ALIGN (0x4)

.ARM            0x0000000008006f40        0x0
                0x0000000008006f40                . = ALIGN (0x4)
                0x0000000008006f40                __exidx_start = .
 *(.ARM.exidx*)
                0x0000000008006f40                __exidx_end = .
                0x0000000008006f40                . = ALIGN (0x4)

.preinit_array  0x0000000008006f40        0x0
                0x0000000008006f40                . = ALIGN (0x4)
                0x0000000008006f40                PROVIDE (__preinit_array_start = .)
 *(.preinit_array*)
                0x0000000008006f40                PROVIDE (__preinit_array_end = .)
                0x0000000008006f40                . = ALIGN (0x4)

.init_array     0x0000000008006f40        0x4
                0x0000000008006f40                . = ALIGN (0x4)
                0x0000000008006f40                PROVIDE (__init_array_start = .)
 *(SORT_BY_NAME(.init_array.*))
 *(.init_array*)
 .init_array    0x0000000008006f40        0x4 d:/games/stm32cubeide_1.6.0/stm32cubeide/plugins/com.st.stm32cube.ide.mcu.externaltools.gnu-tools-for-stm32.9-2020-q2-update.win32_1.5.0.202011040924/tools/bin/../lib/gcc/arm-none-eabi/9.3.1/thumb/v7-m/nofp/crtbegin.o
                0x0000000008006f44                PROVIDE (__init_array_end = .)
                0x0000000008006f44                . = ALIGN (0x4)

.fini_array     0x0000000008006f44        0x4
                0x0000000008006f44                . = ALIGN (0x4)
                [!provide]                        PROVIDE (__fini_array_start = .)
 *(SORT_BY_NAME(.fini_array.*))
 *(.fini_array*)
 .fini_array    0x0000000008006f44        0x4 d:/games/stm32cubeide_1.6.0/stm32cubeide/plugins/com.st.stm32cube.ide.mcu.externaltools.gnu-tools-for-stm32.9-2020-q2-update.win32_1.5.0.202011040924/tools/bin/../lib/gcc/arm-none-eabi/9.3.1/thumb/v7-m/nofp/crtbegin.o
                [!provide]                        PROVIDE (__fini_array_end = .)
                0x0000000008006f48                . = ALIGN (0x4)
                0x0000000008006f48                _sidata = LOADADDR (.data)

.data           0x0000000020000000       0xa4 load address 0x0000000008006f48
                0x0000000020000000                . = ALIGN (0x4)
                0x0000000020000000                _sdata = .
 *(.data)
 *(.data*)
 .data.Font_16x26
                0x0000000020000000        0x8 Core/Src/fonts.o
                0x0000000020000000                Font_16x26
 .data.color_tekst
                0x0000000020000008        0x4 Core/Src/main.o
                0x0000000020000008                color_tekst
 .data.setTemp  0x000000002000000c        0x4 Core/Src/main.o
                0x000000002000000c                setTemp
 .data.maxTemp  0x0000000020000010        0x4 Core/Src/main.o
                0x0000000020000010                maxTemp
 .data.minTemp  0x0000000020000014        0x4 Core/Src/main.o
                0x0000000020000014                minTemp
 .data.popravcaP
                0x0000000020000018        0x4 Core/Src/main.o
                0x0000000020000018                popravcaP
 .data.crocEncode
                0x000000002000001c        0x4 Core/Src/main.o
                0x000000002000001c                crocEncode
 .data.setFen   0x0000000020000020        0x4 Core/Src/main.o
                0x0000000020000020                setFen
 .data.maxFen   0x0000000020000024        0x4 Core/Src/main.o
                0x0000000020000024                maxFen
 .data.minFen   0x0000000020000028        0x4 Core/Src/main.o
                0x0000000020000028                minFen
 .data.setAir   0x000000002000002c        0x4 Core/Src/main.o
                0x000000002000002c                setAir
 .data.minAir   0x0000000020000030        0x4 Core/Src/main.o
                0x0000000020000030                minAir
 .data.SystemCoreClock
                0x0000000020000034        0x4 Core/Src/system_stm32f1xx.o
                0x0000000020000034                SystemCoreClock
 .data.uwTickPrio
                0x0000000020000038        0x4 Drivers/STM32F1xx_HAL_Driver/Src/stm32f1xx_hal.o
                0x0000000020000038                uwTickPrio
 .data.uwTickFreq
                0x000000002000003c        0x1 Drivers/STM32F1xx_HAL_Driver/Src/stm32f1xx_hal.o
                0x000000002000003c                uwTickFreq
 *fill*         0x000000002000003d        0x3 
 .data._impure_ptr
                0x0000000020000040        0x4 d:/games/stm32cubeide_1.6.0/stm32cubeide/plugins/com.st.stm32cube.ide.mcu.externaltools.gnu-tools-for-stm32.9-2020-q2-update.win32_1.5.0.202011040924/tools/bin/../lib/gcc/arm-none-eabi/9.3.1/../../../../arm-none-eabi/lib/thumb/v7-m/nofp\libc_nano.a(lib_a-impure.o)
                0x0000000020000040                _impure_ptr
 .data.impure_data
                0x0000000020000044       0x60 d:/games/stm32cubeide_1.6.0/stm32cubeide/plugins/com.st.stm32cube.ide.mcu.externaltools.gnu-tools-for-stm32.9-2020-q2-update.win32_1.5.0.202011040924/tools/bin/../lib/gcc/arm-none-eabi/9.3.1/../../../../arm-none-eabi/lib/thumb/v7-m/nofp\libc_nano.a(lib_a-impure.o)
 *(.RamFunc)
 *(.RamFunc*)
                0x00000000200000a4                . = ALIGN (0x4)
                0x00000000200000a4                _edata = .

.igot.plt       0x00000000200000a4        0x0 load address 0x0000000008006fec
 .igot.plt      0x00000000200000a4        0x0 d:/games/stm32cubeide_1.6.0/stm32cubeide/plugins/com.st.stm32cube.ide.mcu.externaltools.gnu-tools-for-stm32.9-2020-q2-update.win32_1.5.0.202011040924/tools/bin/../lib/gcc/arm-none-eabi/9.3.1/thumb/v7-m/nofp/crtbegin.o
                0x00000000200000a4                . = ALIGN (0x4)

.bss            0x00000000200000a4      0x1b0 load address 0x0000000008006fec
                0x00000000200000a4                _sbss = .
                0x00000000200000a4                __bss_start__ = _sbss
 *(.bss)
 .bss           0x00000000200000a4       0x1c d:/games/stm32cubeide_1.6.0/stm32cubeide/plugins/com.st.stm32cube.ide.mcu.externaltools.gnu-tools-for-stm32.9-2020-q2-update.win32_1.5.0.202011040924/tools/bin/../lib/gcc/arm-none-eabi/9.3.1/thumb/v7-m/nofp/crtbegin.o
 *(.bss*)
 .bss.popravcaF
                0x00000000200000c0        0x4 Core/Src/main.o
                0x00000000200000c0                popravcaF
 .bss.prevCounter
                0x00000000200000c4        0x4 Core/Src/main.o
                0x00000000200000c4                prevCounter
 .bss.time_key1
                0x00000000200000c8        0x4 Core/Src/main.o
                0x00000000200000c8                time_key1
 .bss.short_state
                0x00000000200000cc        0x1 Core/Src/main.o
                0x00000000200000cc                short_state
 .bss.long_state
                0x00000000200000cd        0x1 Core/Src/main.o
                0x00000000200000cd                long_state
 .bss.menun     0x00000000200000ce        0x1 Core/Src/main.o
                0x00000000200000ce                menun
 .bss.stopset   0x00000000200000cf        0x1 Core/Src/main.o
                0x00000000200000cf                stopset
 .bss.fanflag   0x00000000200000d0        0x1 Core/Src/main.o
                0x00000000200000d0                fanflag
 .bss.set0      0x00000000200000d1        0x1 Core/Src/main.o
                0x00000000200000d1                set0
 .bss.pflag     0x00000000200000d2        0x1 Core/Src/main.o
                0x00000000200000d2                pflag
 .bss.flagfn    0x00000000200000d3        0x1 Core/Src/main.o
                0x00000000200000d3                flagfn
 .bss.culofn    0x00000000200000d4        0x1 Core/Src/main.o
                0x00000000200000d4                culofn
 .bss.culoff    0x00000000200000d5        0x1 Core/Src/main.o
                0x00000000200000d5                culoff
 *fill*         0x00000000200000d6        0x2 
 .bss.__sbrk_heap_end
                0x00000000200000d8        0x4 Core/Src/sysmem.o
 .bss.__malloc_free_list
                0x00000000200000dc        0x4 d:/games/stm32cubeide_1.6.0/stm32cubeide/plugins/com.st.stm32cube.ide.mcu.externaltools.gnu-tools-for-stm32.9-2020-q2-update.win32_1.5.0.202011040924/tools/bin/../lib/gcc/arm-none-eabi/9.3.1/../../../../arm-none-eabi/lib/thumb/v7-m/nofp\libc_nano.a(lib_a-nano-mallocr.o)
                0x00000000200000dc                __malloc_free_list
 .bss.__malloc_sbrk_start
                0x00000000200000e0        0x4 d:/games/stm32cubeide_1.6.0/stm32cubeide/plugins/com.st.stm32cube.ide.mcu.externaltools.gnu-tools-for-stm32.9-2020-q2-update.win32_1.5.0.202011040924/tools/bin/../lib/gcc/arm-none-eabi/9.3.1/../../../../arm-none-eabi/lib/thumb/v7-m/nofp\libc_nano.a(lib_a-nano-mallocr.o)
                0x00000000200000e0                __malloc_sbrk_start
 *(COMMON)
 COMMON         0x00000000200000e4      0x15c Core/Src/main.o
                0x00000000200000e4                hspi2
                0x000000002000013c                htim4
                0x0000000020000184                hadc2
                0x00000000200001b4                adcResult
                0x00000000200001b8                hadc1
                0x00000000200001e8                i
                0x00000000200001ec                EncVal
                0x00000000200001f0                d
                0x00000000200001f4                htim2
                0x000000002000023c                adcResultf
 COMMON         0x0000000020000240        0x4 Drivers/STM32F1xx_HAL_Driver/Src/stm32f1xx_hal.o
                0x0000000020000240                uwTick
 COMMON         0x0000000020000244        0x4 d:/games/stm32cubeide_1.6.0/stm32cubeide/plugins/com.st.stm32cube.ide.mcu.externaltools.gnu-tools-for-stm32.9-2020-q2-update.win32_1.5.0.202011040924/tools/bin/../lib/gcc/arm-none-eabi/9.3.1/../../../../arm-none-eabi/lib/thumb/v7-m/nofp\libc_nano.a(lib_a-reent.o)
                0x0000000020000244                errno
 COMMON         0x0000000020000248        0x9 d:/games/stm32cubeide_1.6.0/stm32cubeide/plugins/com.st.stm32cube.ide.mcu.externaltools.gnu-tools-for-stm32.9-2020-q2-update.win32_1.5.0.202011040924/tools/bin/../lib/gcc/arm-none-eabi/9.3.1/../../../../arm-none-eabi/lib/thumb/v7-m/nofp\libc_nano.a(lib_a-lock.o)
                0x0000000020000248                __lock___atexit_recursive_mutex
                0x0000000020000249                __lock___arc4random_mutex
                0x000000002000024a                __lock___env_recursive_mutex
                0x000000002000024b                __lock___sinit_recursive_mutex
                0x000000002000024c                __lock___malloc_recursive_mutex
                0x000000002000024d                __lock___at_quick_exit_mutex
                0x000000002000024e                __lock___dd_hash_mutex
                0x000000002000024f                __lock___tz_mutex
                0x0000000020000250                __lock___sfp_recursive_mutex
                0x0000000020000254                . = ALIGN (0x4)
 *fill*         0x0000000020000251        0x3 
                0x0000000020000254                _ebss = .
                0x0000000020000254                __bss_end__ = _ebss

._user_heap_stack
                0x0000000020000254      0x604 load address 0x0000000008006fec
                0x0000000020000258                . = ALIGN (0x8)
 *fill*         0x0000000020000254        0x4 
                [!provide]                        PROVIDE (end = .)
                0x0000000020000258                PROVIDE (_end = .)
                0x0000000020000458                . = (. + _Min_Heap_Size)
 *fill*         0x0000000020000258      0x200 
                0x0000000020000858                . = (. + _Min_Stack_Size)
 *fill*         0x0000000020000458      0x400 
                0x0000000020000858                . = ALIGN (0x8)

/DISCARD/
 libc.a(*)
 libm.a(*)
 libgcc.a(*)

.ARM.attributes
                0x0000000000000000       0x29
 *(.ARM.attributes)
 .ARM.attributes
                0x0000000000000000       0x1d d:/games/stm32cubeide_1.6.0/stm32cubeide/plugins/com.st.stm32cube.ide.mcu.externaltools.gnu-tools-for-stm32.9-2020-q2-update.win32_1.5.0.202011040924/tools/bin/../lib/gcc/arm-none-eabi/9.3.1/thumb/v7-m/nofp/crti.o
 .ARM.attributes
                0x000000000000001d       0x2d d:/games/stm32cubeide_1.6.0/stm32cubeide/plugins/com.st.stm32cube.ide.mcu.externaltools.gnu-tools-for-stm32.9-2020-q2-update.win32_1.5.0.202011040924/tools/bin/../lib/gcc/arm-none-eabi/9.3.1/thumb/v7-m/nofp/crtbegin.o
 .ARM.attributes
                0x000000000000004a       0x33 Core/Src/fonts.o
 .ARM.attributes
                0x000000000000007d       0x2d Core/Src/main.o
 .ARM.attributes
                0x00000000000000aa       0x2d Core/Src/st7789.o
 .ARM.attributes
                0x00000000000000d7       0x2d Core/Src/stm32f1xx_hal_msp.o
 .ARM.attributes
                0x0000000000000104       0x2d Core/Src/stm32f1xx_it.o
 .ARM.attributes
                0x0000000000000131       0x2d Core/Src/sysmem.o
 .ARM.attributes
                0x000000000000015e       0x2d Core/Src/system_stm32f1xx.o
 .ARM.attributes
                0x000000000000018b       0x21 Core/Startup/startup_stm32f103c8tx.o
 .ARM.attributes
                0x00000000000001ac       0x2d Drivers/STM32F1xx_HAL_Driver/Src/stm32f1xx_hal.o
 .ARM.attributes
                0x00000000000001d9       0x2d Drivers/STM32F1xx_HAL_Driver/Src/stm32f1xx_hal_adc.o
 .ARM.attributes
                0x0000000000000206       0x2d Drivers/STM32F1xx_HAL_Driver/Src/stm32f1xx_hal_cortex.o
 .ARM.attributes
                0x0000000000000233       0x2d Drivers/STM32F1xx_HAL_Driver/Src/stm32f1xx_hal_gpio.o
 .ARM.attributes
                0x0000000000000260       0x2d Drivers/STM32F1xx_HAL_Driver/Src/stm32f1xx_hal_rcc.o
 .ARM.attributes
                0x000000000000028d       0x2d Drivers/STM32F1xx_HAL_Driver/Src/stm32f1xx_hal_rcc_ex.o
 .ARM.attributes
                0x00000000000002ba       0x2d Drivers/STM32F1xx_HAL_Driver/Src/stm32f1xx_hal_spi.o
 .ARM.attributes
                0x00000000000002e7       0x2d Drivers/STM32F1xx_HAL_Driver/Src/stm32f1xx_hal_tim.o
 .ARM.attributes
                0x0000000000000314       0x2d Drivers/STM32F1xx_HAL_Driver/Src/stm32f1xx_hal_tim_ex.o
 .ARM.attributes
                0x0000000000000341       0x2d d:/games/stm32cubeide_1.6.0/stm32cubeide/plugins/com.st.stm32cube.ide.mcu.externaltools.gnu-tools-for-stm32.9-2020-q2-update.win32_1.5.0.202011040924/tools/bin/../lib/gcc/arm-none-eabi/9.3.1/../../../../arm-none-eabi/lib/thumb/v7-m/nofp\libc_nano.a(lib_a-errno.o)
 .ARM.attributes
                0x000000000000036e       0x2d d:/games/stm32cubeide_1.6.0/stm32cubeide/plugins/com.st.stm32cube.ide.mcu.externaltools.gnu-tools-for-stm32.9-2020-q2-update.win32_1.5.0.202011040924/tools/bin/../lib/gcc/arm-none-eabi/9.3.1/../../../../arm-none-eabi/lib/thumb/v7-m/nofp\libc_nano.a(lib_a-impure.o)
 .ARM.attributes
                0x000000000000039b       0x2d d:/games/stm32cubeide_1.6.0/stm32cubeide/plugins/com.st.stm32cube.ide.mcu.externaltools.gnu-tools-for-stm32.9-2020-q2-update.win32_1.5.0.202011040924/tools/bin/../lib/gcc/arm-none-eabi/9.3.1/../../../../arm-none-eabi/lib/thumb/v7-m/nofp\libc_nano.a(lib_a-init.o)
 .ARM.attributes
                0x00000000000003c8       0x2d d:/games/stm32cubeide_1.6.0/stm32cubeide/plugins/com.st.stm32cube.ide.mcu.externaltools.gnu-tools-for-stm32.9-2020-q2-update.win32_1.5.0.202011040924/tools/bin/../lib/gcc/arm-none-eabi/9.3.1/../../../../arm-none-eabi/lib/thumb/v7-m/nofp\libc_nano.a(lib_a-memset.o)
 .ARM.attributes
                0x00000000000003f5       0x2d d:/games/stm32cubeide_1.6.0/stm32cubeide/plugins/com.st.stm32cube.ide.mcu.externaltools.gnu-tools-for-stm32.9-2020-q2-update.win32_1.5.0.202011040924/tools/bin/../lib/gcc/arm-none-eabi/9.3.1/../../../../arm-none-eabi/lib/thumb/v7-m/nofp\libc_nano.a(lib_a-snprintf.o)
 .ARM.attributes
                0x0000000000000422       0x2d d:/games/stm32cubeide_1.6.0/stm32cubeide/plugins/com.st.stm32cube.ide.mcu.externaltools.gnu-tools-for-stm32.9-2020-q2-update.win32_1.5.0.202011040924/tools/bin/../lib/gcc/arm-none-eabi/9.3.1/../../../../arm-none-eabi/lib/thumb/v7-m/nofp\libc_nano.a(lib_a-sprintf.o)
 .ARM.attributes
                0x000000000000044f       0x2d d:/games/stm32cubeide_1.6.0/stm32cubeide/plugins/com.st.stm32cube.ide.mcu.externaltools.gnu-tools-for-stm32.9-2020-q2-update.win32_1.5.0.202011040924/tools/bin/../lib/gcc/arm-none-eabi/9.3.1/../../../../arm-none-eabi/lib/thumb/v7-m/nofp\libc_nano.a(lib_a-nano-svfprintf.o)
 .ARM.attributes
                0x000000000000047c       0x2d d:/games/stm32cubeide_1.6.0/stm32cubeide/plugins/com.st.stm32cube.ide.mcu.externaltools.gnu-tools-for-stm32.9-2020-q2-update.win32_1.5.0.202011040924/tools/bin/../lib/gcc/arm-none-eabi/9.3.1/../../../../arm-none-eabi/lib/thumb/v7-m/nofp\libc_nano.a(lib_a-nano-vfprintf_i.o)
 .ARM.attributes
                0x00000000000004a9       0x2d d:/games/stm32cubeide_1.6.0/stm32cubeide/plugins/com.st.stm32cube.ide.mcu.externaltools.gnu-tools-for-stm32.9-2020-q2-update.win32_1.5.0.202011040924/tools/bin/../lib/gcc/arm-none-eabi/9.3.1/../../../../arm-none-eabi/lib/thumb/v7-m/nofp\libc_nano.a(lib_a-memchr-stub.o)
 .ARM.attributes
                0x00000000000004d6       0x2d d:/games/stm32cubeide_1.6.0/stm32cubeide/plugins/com.st.stm32cube.ide.mcu.externaltools.gnu-tools-for-stm32.9-2020-q2-update.win32_1.5.0.202011040924/tools/bin/../lib/gcc/arm-none-eabi/9.3.1/../../../../arm-none-eabi/lib/thumb/v7-m/nofp\libc_nano.a(lib_a-memcpy-stub.o)
 .ARM.attributes
                0x0000000000000503       0x2d d:/games/stm32cubeide_1.6.0/stm32cubeide/plugins/com.st.stm32cube.ide.mcu.externaltools.gnu-tools-for-stm32.9-2020-q2-update.win32_1.5.0.202011040924/tools/bin/../lib/gcc/arm-none-eabi/9.3.1/../../../../arm-none-eabi/lib/thumb/v7-m/nofp\libc_nano.a(lib_a-memmove.o)
 .ARM.attributes
                0x0000000000000530       0x2d d:/games/stm32cubeide_1.6.0/stm32cubeide/plugins/com.st.stm32cube.ide.mcu.externaltools.gnu-tools-for-stm32.9-2020-q2-update.win32_1.5.0.202011040924/tools/bin/../lib/gcc/arm-none-eabi/9.3.1/../../../../arm-none-eabi/lib/thumb/v7-m/nofp\libc_nano.a(lib_a-nano-freer.o)
 .ARM.attributes
                0x000000000000055d       0x2d d:/games/stm32cubeide_1.6.0/stm32cubeide/plugins/com.st.stm32cube.ide.mcu.externaltools.gnu-tools-for-stm32.9-2020-q2-update.win32_1.5.0.202011040924/tools/bin/../lib/gcc/arm-none-eabi/9.3.1/../../../../arm-none-eabi/lib/thumb/v7-m/nofp\libc_nano.a(lib_a-nano-mallocr.o)
 .ARM.attributes
                0x000000000000058a       0x2d d:/games/stm32cubeide_1.6.0/stm32cubeide/plugins/com.st.stm32cube.ide.mcu.externaltools.gnu-tools-for-stm32.9-2020-q2-update.win32_1.5.0.202011040924/tools/bin/../lib/gcc/arm-none-eabi/9.3.1/../../../../arm-none-eabi/lib/thumb/v7-m/nofp\libc_nano.a(lib_a-nano-reallocr.o)
 .ARM.attributes
                0x00000000000005b7       0x2d d:/games/stm32cubeide_1.6.0/stm32cubeide/plugins/com.st.stm32cube.ide.mcu.externaltools.gnu-tools-for-stm32.9-2020-q2-update.win32_1.5.0.202011040924/tools/bin/../lib/gcc/arm-none-eabi/9.3.1/../../../../arm-none-eabi/lib/thumb/v7-m/nofp\libc_nano.a(lib_a-sbrkr.o)
 .ARM.attributes
                0x00000000000005e4       0x2d d:/games/stm32cubeide_1.6.0/stm32cubeide/plugins/com.st.stm32cube.ide.mcu.externaltools.gnu-tools-for-stm32.9-2020-q2-update.win32_1.5.0.202011040924/tools/bin/../lib/gcc/arm-none-eabi/9.3.1/../../../../arm-none-eabi/lib/thumb/v7-m/nofp\libc_nano.a(lib_a-mlock.o)
 .ARM.attributes
                0x0000000000000611       0x2d d:/games/stm32cubeide_1.6.0/stm32cubeide/plugins/com.st.stm32cube.ide.mcu.externaltools.gnu-tools-for-stm32.9-2020-q2-update.win32_1.5.0.202011040924/tools/bin/../lib/gcc/arm-none-eabi/9.3.1/../../../../arm-none-eabi/lib/thumb/v7-m/nofp\libc_nano.a(lib_a-nano-msizer.o)
 .ARM.attributes
                0x000000000000063e       0x2d d:/games/stm32cubeide_1.6.0/stm32cubeide/plugins/com.st.stm32cube.ide.mcu.externaltools.gnu-tools-for-stm32.9-2020-q2-update.win32_1.5.0.202011040924/tools/bin/../lib/gcc/arm-none-eabi/9.3.1/../../../../arm-none-eabi/lib/thumb/v7-m/nofp\libc_nano.a(lib_a-reent.o)
 .ARM.attributes
                0x000000000000066b       0x2d d:/games/stm32cubeide_1.6.0/stm32cubeide/plugins/com.st.stm32cube.ide.mcu.externaltools.gnu-tools-for-stm32.9-2020-q2-update.win32_1.5.0.202011040924/tools/bin/../lib/gcc/arm-none-eabi/9.3.1/../../../../arm-none-eabi/lib/thumb/v7-m/nofp\libc_nano.a(lib_a-lock.o)
 .ARM.attributes
                0x0000000000000698       0x1d d:/games/stm32cubeide_1.6.0/stm32cubeide/plugins/com.st.stm32cube.ide.mcu.externaltools.gnu-tools-for-stm32.9-2020-q2-update.win32_1.5.0.202011040924/tools/bin/../lib/gcc/arm-none-eabi/9.3.1/thumb/v7-m/nofp\libgcc.a(_arm_muldf3.o)
 .ARM.attributes
                0x00000000000006b5       0x1d d:/games/stm32cubeide_1.6.0/stm32cubeide/plugins/com.st.stm32cube.ide.mcu.externaltools.gnu-tools-for-stm32.9-2020-q2-update.win32_1.5.0.202011040924/tools/bin/../lib/gcc/arm-none-eabi/9.3.1/thumb/v7-m/nofp\libgcc.a(_arm_addsubdf3.o)
 .ARM.attributes
                0x00000000000006d2       0x1d d:/games/stm32cubeide_1.6.0/stm32cubeide/plugins/com.st.stm32cube.ide.mcu.externaltools.gnu-tools-for-stm32.9-2020-q2-update.win32_1.5.0.202011040924/tools/bin/../lib/gcc/arm-none-eabi/9.3.1/thumb/v7-m/nofp\libgcc.a(_arm_truncdfsf2.o)
 .ARM.attributes
                0x00000000000006ef       0x1d d:/games/stm32cubeide_1.6.0/stm32cubeide/plugins/com.st.stm32cube.ide.mcu.externaltools.gnu-tools-for-stm32.9-2020-q2-update.win32_1.5.0.202011040924/tools/bin/../lib/gcc/arm-none-eabi/9.3.1/thumb/v7-m/nofp\libgcc.a(_arm_addsubsf3.o)
 .ARM.attributes
                0x000000000000070c       0x1d d:/games/stm32cubeide_1.6.0/stm32cubeide/plugins/com.st.stm32cube.ide.mcu.externaltools.gnu-tools-for-stm32.9-2020-q2-update.win32_1.5.0.202011040924/tools/bin/../lib/gcc/arm-none-eabi/9.3.1/thumb/v7-m/nofp\libgcc.a(_arm_cmpsf2.o)
 .ARM.attributes
                0x0000000000000729       0x1d d:/games/stm32cubeide_1.6.0/stm32cubeide/plugins/com.st.stm32cube.ide.mcu.externaltools.gnu-tools-for-stm32.9-2020-q2-update.win32_1.5.0.202011040924/tools/bin/../lib/gcc/arm-none-eabi/9.3.1/thumb/v7-m/nofp\libgcc.a(_arm_fixunssfsi.o)
 .ARM.attributes
                0x0000000000000746       0x1d d:/games/stm32cubeide_1.6.0/stm32cubeide/plugins/com.st.stm32cube.ide.mcu.externaltools.gnu-tools-for-stm32.9-2020-q2-update.win32_1.5.0.202011040924/tools/bin/../lib/gcc/arm-none-eabi/9.3.1/thumb/v7-m/nofp/crtn.o
OUTPUT(payalka_reliz.elf elf32-littlearm)
LOAD linker stubs
LOAD d:/games/stm32cubeide_1.6.0/stm32cubeide/plugins/com.st.stm32cube.ide.mcu.externaltools.gnu-tools-for-stm32.9-2020-q2-update.win32_1.5.0.202011040924/tools/bin/../lib/gcc/arm-none-eabi/9.3.1/../../../../arm-none-eabi/lib/thumb/v7-m/nofp\libc.a
LOAD d:/games/stm32cubeide_1.6.0/stm32cubeide/plugins/com.st.stm32cube.ide.mcu.externaltools.gnu-tools-for-stm32.9-2020-q2-update.win32_1.5.0.202011040924/tools/bin/../lib/gcc/arm-none-eabi/9.3.1/../../../../arm-none-eabi/lib/thumb/v7-m/nofp\libm.a
LOAD d:/games/stm32cubeide_1.6.0/stm32cubeide/plugins/com.st.stm32cube.ide.mcu.externaltools.gnu-tools-for-stm32.9-2020-q2-update.win32_1.5.0.202011040924/tools/bin/../lib/gcc/arm-none-eabi/9.3.1/thumb/v7-m/nofp\libgcc.a

.debug_info     0x0000000000000000     0xddc9
 .debug_info    0x0000000000000000      0x1ae Core/Src/fonts.o
 .debug_info    0x00000000000001ae     0x2035 Core/Src/main.o
 .debug_info    0x00000000000021e3     0x11d1 Core/Src/st7789.o
 .debug_info    0x00000000000033b4     0x10e5 Core/Src/stm32f1xx_hal_msp.o
 .debug_info    0x0000000000004499      0x222 Core/Src/stm32f1xx_it.o
 .debug_info    0x00000000000046bb      0xa25 Core/Src/sysmem.o
 .debug_info    0x00000000000050e0      0x2be Core/Src/system_stm32f1xx.o
 .debug_info    0x000000000000539e       0x22 Core/Startup/startup_stm32f103c8tx.o
 .debug_info    0x00000000000053c0      0x76a Drivers/STM32F1xx_HAL_Driver/Src/stm32f1xx_hal.o
 .debug_info    0x0000000000005b2a      0xd2d Drivers/STM32F1xx_HAL_Driver/Src/stm32f1xx_hal_adc.o
 .debug_info    0x0000000000006857      0xbdc Drivers/STM32F1xx_HAL_Driver/Src/stm32f1xx_hal_cortex.o
 .debug_info    0x0000000000007433      0x701 Drivers/STM32F1xx_HAL_Driver/Src/stm32f1xx_hal_gpio.o
 .debug_info    0x0000000000007b34      0x88e Drivers/STM32F1xx_HAL_Driver/Src/stm32f1xx_hal_rcc.o
 .debug_info    0x00000000000083c2      0x480 Drivers/STM32F1xx_HAL_Driver/Src/stm32f1xx_hal_rcc_ex.o
 .debug_info    0x0000000000008842     0x16af Drivers/STM32F1xx_HAL_Driver/Src/stm32f1xx_hal_spi.o
 .debug_info    0x0000000000009ef1     0x2a43 Drivers/STM32F1xx_HAL_Driver/Src/stm32f1xx_hal_tim.o
 .debug_info    0x000000000000c934     0x1495 Drivers/STM32F1xx_HAL_Driver/Src/stm32f1xx_hal_tim_ex.o

.debug_abbrev   0x0000000000000000     0x20bb
 .debug_abbrev  0x0000000000000000       0xad Core/Src/fonts.o
 .debug_abbrev  0x00000000000000ad      0x389 Core/Src/main.o
 .debug_abbrev  0x0000000000000436      0x260 Core/Src/st7789.o
 .debug_abbrev  0x0000000000000696      0x219 Core/Src/stm32f1xx_hal_msp.o
 .debug_abbrev  0x00000000000008af       0xd2 Core/Src/stm32f1xx_it.o
 .debug_abbrev  0x0000000000000981      0x1bf Core/Src/sysmem.o
 .debug_abbrev  0x0000000000000b40      0x14e Core/Src/system_stm32f1xx.o
 .debug_abbrev  0x0000000000000c8e       0x12 Core/Startup/startup_stm32f103c8tx.o
 .debug_abbrev  0x0000000000000ca0      0x1ed Drivers/STM32F1xx_HAL_Driver/Src/stm32f1xx_hal.o
 .debug_abbrev  0x0000000000000e8d      0x1fb Drivers/STM32F1xx_HAL_Driver/Src/stm32f1xx_hal_adc.o
 .debug_abbrev  0x0000000000001088      0x313 Drivers/STM32F1xx_HAL_Driver/Src/stm32f1xx_hal_cortex.o
 .debug_abbrev  0x000000000000139b      0x1e8 Drivers/STM32F1xx_HAL_Driver/Src/stm32f1xx_hal_gpio.o
 .debug_abbrev  0x0000000000001583      0x273 Drivers/STM32F1xx_HAL_Driver/Src/stm32f1xx_hal_rcc.o
 .debug_abbrev  0x00000000000017f6      0x193 Drivers/STM32F1xx_HAL_Driver/Src/stm32f1xx_hal_rcc_ex.o
 .debug_abbrev  0x0000000000001989      0x26e Drivers/STM32F1xx_HAL_Driver/Src/stm32f1xx_hal_spi.o
 .debug_abbrev  0x0000000000001bf7      0x25e Drivers/STM32F1xx_HAL_Driver/Src/stm32f1xx_hal_tim.o
 .debug_abbrev  0x0000000000001e55      0x266 Drivers/STM32F1xx_HAL_Driver/Src/stm32f1xx_hal_tim_ex.o

.debug_aranges  0x0000000000000000      0xda0
 .debug_aranges
                0x0000000000000000       0x18 Core/Src/fonts.o
 .debug_aranges
                0x0000000000000018       0x90 Core/Src/main.o
 .debug_aranges
                0x00000000000000a8       0xd0 Core/Src/st7789.o
 .debug_aranges
                0x0000000000000178       0x68 Core/Src/stm32f1xx_hal_msp.o
 .debug_aranges
                0x00000000000001e0       0x60 Core/Src/stm32f1xx_it.o
 .debug_aranges
                0x0000000000000240       0x20 Core/Src/sysmem.o
 .debug_aranges
                0x0000000000000260       0x28 Core/Src/system_stm32f1xx.o
 .debug_aranges
                0x0000000000000288       0x28 Core/Startup/startup_stm32f103c8tx.o
 .debug_aranges
                0x00000000000002b0       0xe0 Drivers/STM32F1xx_HAL_Driver/Src/stm32f1xx_hal.o
 .debug_aranges
                0x0000000000000390       0xf0 Drivers/STM32F1xx_HAL_Driver/Src/stm32f1xx_hal_adc.o
 .debug_aranges
                0x0000000000000480      0x100 Drivers/STM32F1xx_HAL_Driver/Src/stm32f1xx_hal_cortex.o
 .debug_aranges
                0x0000000000000580       0x58 Drivers/STM32F1xx_HAL_Driver/Src/stm32f1xx_hal_gpio.o
 .debug_aranges
                0x00000000000005d8       0x90 Drivers/STM32F1xx_HAL_Driver/Src/stm32f1xx_hal_rcc.o
 .debug_aranges
                0x0000000000000668       0x30 Drivers/STM32F1xx_HAL_Driver/Src/stm32f1xx_hal_rcc_ex.o
 .debug_aranges
                0x0000000000000698      0x1d0 Drivers/STM32F1xx_HAL_Driver/Src/stm32f1xx_hal_spi.o
 .debug_aranges
                0x0000000000000868      0x3d0 Drivers/STM32F1xx_HAL_Driver/Src/stm32f1xx_hal_tim.o
 .debug_aranges
                0x0000000000000c38      0x168 Drivers/STM32F1xx_HAL_Driver/Src/stm32f1xx_hal_tim_ex.o

.debug_macro    0x0000000000000000    0x187fd
 .debug_macro   0x0000000000000000       0x6d Core/Src/fonts.o
 .debug_macro   0x000000000000006d      0xa9c Core/Src/fonts.o
 .debug_macro   0x0000000000000b09       0x22 Core/Src/fonts.o
 .debug_macro   0x0000000000000b2b       0x8e Core/Src/fonts.o
 .debug_macro   0x0000000000000bb9       0x51 Core/Src/fonts.o
 .debug_macro   0x0000000000000c0a      0x103 Core/Src/fonts.o
 .debug_macro   0x0000000000000d0d       0x6a Core/Src/fonts.o
 .debug_macro   0x0000000000000d77      0x1df Core/Src/fonts.o
 .debug_macro   0x0000000000000f56      0x346 Core/Src/main.o
 .debug_macro   0x000000000000129c      0x221 Core/Src/main.o
 .debug_macro   0x00000000000014bd       0x2e Core/Src/main.o
 .debug_macro   0x00000000000014eb       0x22 Core/Src/main.o
 .debug_macro   0x000000000000150d       0x1c Core/Src/main.o
 .debug_macro   0x0000000000001529       0x22 Core/Src/main.o
 .debug_macro   0x000000000000154b       0xc3 Core/Src/main.o
 .debug_macro   0x000000000000160e      0xd23 Core/Src/main.o
 .debug_macro   0x0000000000002331     0xe097 Core/Src/main.o
 .debug_macro   0x00000000000103c8       0x43 Core/Src/main.o
 .debug_macro   0x000000000001040b     0x3468 Core/Src/main.o
 .debug_macro   0x0000000000013873      0x174 Core/Src/main.o
 .debug_macro   0x00000000000139e7       0x5c Core/Src/main.o
 .debug_macro   0x0000000000013a43      0x5be Core/Src/main.o
 .debug_macro   0x0000000000014001      0x289 Core/Src/main.o
 .debug_macro   0x000000000001428a      0x1cb Core/Src/main.o
 .debug_macro   0x0000000000014455      0x114 Core/Src/main.o
 .debug_macro   0x0000000000014569      0x1b2 Core/Src/main.o
 .debug_macro   0x000000000001471b       0x27 Core/Src/main.o
 .debug_macro   0x0000000000014742      0x136 Core/Src/main.o
 .debug_macro   0x0000000000014878      0x1bc Core/Src/main.o
 .debug_macro   0x0000000000014a34       0x34 Core/Src/main.o
 .debug_macro   0x0000000000014a68       0x3c Core/Src/main.o
 .debug_macro   0x0000000000014aa4       0x57 Core/Src/main.o
 .debug_macro   0x0000000000014afb      0x46a Core/Src/main.o
 .debug_macro   0x0000000000014f65      0x1b5 Core/Src/main.o
 .debug_macro   0x000000000001511a       0x88 Core/Src/main.o
 .debug_macro   0x00000000000151a2      0x241 Core/Src/main.o
 .debug_macro   0x00000000000153e3      0x141 Core/Src/main.o
 .debug_macro   0x0000000000015524      0x217 Core/Src/main.o
 .debug_macro   0x000000000001573b      0x8d1 Core/Src/main.o
 .debug_macro   0x000000000001600c       0x83 Core/Src/main.o
 .debug_macro   0x000000000001608f       0x70 Core/Src/main.o
 .debug_macro   0x00000000000160ff      0x1d5 Core/Src/main.o
 .debug_macro   0x00000000000162d4       0x52 Core/Src/main.o
 .debug_macro   0x0000000000016326       0x18 Core/Src/main.o
 .debug_macro   0x000000000001633e       0x3c Core/Src/main.o
 .debug_macro   0x000000000001637a       0x34 Core/Src/main.o
 .debug_macro   0x00000000000163ae       0x16 Core/Src/main.o
 .debug_macro   0x00000000000163c4       0x35 Core/Src/main.o
 .debug_macro   0x00000000000163f9      0x333 Core/Src/main.o
 .debug_macro   0x000000000001672c       0x10 Core/Src/main.o
 .debug_macro   0x000000000001673c       0x16 Core/Src/main.o
 .debug_macro   0x0000000000016752       0x43 Core/Src/main.o
 .debug_macro   0x0000000000016795       0x34 Core/Src/main.o
 .debug_macro   0x00000000000167c9       0x10 Core/Src/main.o
 .debug_macro   0x00000000000167d9       0x58 Core/Src/main.o
 .debug_macro   0x0000000000016831       0x71 Core/Src/main.o
 .debug_macro   0x00000000000168a2       0x1c Core/Src/main.o
 .debug_macro   0x00000000000168be      0x12a Core/Src/main.o
 .debug_macro   0x00000000000169e8       0x10 Core/Src/main.o
 .debug_macro   0x00000000000169f8       0x1c Core/Src/main.o
 .debug_macro   0x0000000000016a14       0x52 Core/Src/main.o
 .debug_macro   0x0000000000016a66       0x22 Core/Src/main.o
 .debug_macro   0x0000000000016a88       0x10 Core/Src/main.o
 .debug_macro   0x0000000000016a98       0x40 Core/Src/main.o
 .debug_macro   0x0000000000016ad8       0xd5 Core/Src/main.o
 .debug_macro   0x0000000000016bad       0x1c Core/Src/main.o
 .debug_macro   0x0000000000016bc9       0x3d Core/Src/main.o
 .debug_macro   0x0000000000016c06       0x16 Core/Src/main.o
 .debug_macro   0x0000000000016c1c      0x145 Core/Src/main.o
 .debug_macro   0x0000000000016d61      0x1df Core/Src/st7789.o
 .debug_macro   0x0000000000016f40      0x1c6 Core/Src/stm32f1xx_hal_msp.o
 .debug_macro   0x0000000000017106      0x1d0 Core/Src/stm32f1xx_it.o
 .debug_macro   0x00000000000172d6       0xff Core/Src/sysmem.o
 .debug_macro   0x00000000000173d5      0x23b Core/Src/sysmem.o
 .debug_macro   0x0000000000017610      0x1b7 Core/Src/system_stm32f1xx.o
 .debug_macro   0x00000000000177c7      0x1db Drivers/STM32F1xx_HAL_Driver/Src/stm32f1xx_hal.o
 .debug_macro   0x00000000000179a2      0x1d4 Drivers/STM32F1xx_HAL_Driver/Src/stm32f1xx_hal_adc.o
 .debug_macro   0x0000000000017b76      0x1b7 Drivers/STM32F1xx_HAL_Driver/Src/stm32f1xx_hal_cortex.o
 .debug_macro   0x0000000000017d2d      0x222 Drivers/STM32F1xx_HAL_Driver/Src/stm32f1xx_hal_gpio.o
 .debug_macro   0x0000000000017f4f      0x1c9 Drivers/STM32F1xx_HAL_Driver/Src/stm32f1xx_hal_rcc.o
 .debug_macro   0x0000000000018118      0x1b7 Drivers/STM32F1xx_HAL_Driver/Src/stm32f1xx_hal_rcc_ex.o
 .debug_macro   0x00000000000182cf      0x1bf Drivers/STM32F1xx_HAL_Driver/Src/stm32f1xx_hal_spi.o
 .debug_macro   0x000000000001848e      0x1b8 Drivers/STM32F1xx_HAL_Driver/Src/stm32f1xx_hal_tim.o
 .debug_macro   0x0000000000018646      0x1b7 Drivers/STM32F1xx_HAL_Driver/Src/stm32f1xx_hal_tim_ex.o

.debug_line     0x0000000000000000     0xe9a6
 .debug_line    0x0000000000000000      0x396 Core/Src/fonts.o
 .debug_line    0x0000000000000396      0xec9 Core/Src/main.o
 .debug_line    0x000000000000125f      0xd5b Core/Src/st7789.o
 .debug_line    0x0000000000001fba      0x82c Core/Src/stm32f1xx_hal_msp.o
 .debug_line    0x00000000000027e6      0x77b Core/Src/stm32f1xx_it.o
 .debug_line    0x0000000000002f61      0x507 Core/Src/sysmem.o
 .debug_line    0x0000000000003468      0x737 Core/Src/system_stm32f1xx.o
 .debug_line    0x0000000000003b9f       0x84 Core/Startup/startup_stm32f103c8tx.o
 .debug_line    0x0000000000003c23      0x964 Drivers/STM32F1xx_HAL_Driver/Src/stm32f1xx_hal.o
 .debug_line    0x0000000000004587      0xfc4 Drivers/STM32F1xx_HAL_Driver/Src/stm32f1xx_hal_adc.o
 .debug_line    0x000000000000554b      0xb4c Drivers/STM32F1xx_HAL_Driver/Src/stm32f1xx_hal_cortex.o
 .debug_line    0x0000000000006097      0x9fb Drivers/STM32F1xx_HAL_Driver/Src/stm32f1xx_hal_gpio.o
 .debug_line    0x0000000000006a92      0xd72 Drivers/STM32F1xx_HAL_Driver/Src/stm32f1xx_hal_rcc.o
 .debug_line    0x0000000000007804      0x8b0 Drivers/STM32F1xx_HAL_Driver/Src/stm32f1xx_hal_rcc_ex.o
 .debug_line    0x00000000000080b4     0x1bdc Drivers/STM32F1xx_HAL_Driver/Src/stm32f1xx_hal_spi.o
 .debug_line    0x0000000000009c90     0x330c Drivers/STM32F1xx_HAL_Driver/Src/stm32f1xx_hal_tim.o
 .debug_line    0x000000000000cf9c     0x1a0a Drivers/STM32F1xx_HAL_Driver/Src/stm32f1xx_hal_tim_ex.o

.debug_str      0x0000000000000000    0x8f746
 .debug_str     0x0000000000000000     0x3b79 Core/Src/fonts.o
                                       0x3cef (size before relaxing)
 .debug_str     0x0000000000003b79    0x88880 Core/Src/main.o
                                      0x8c8a3 (size before relaxing)
 .debug_str     0x000000000008c3f9      0x28f Core/Src/st7789.o
                                      0x880c9 (size before relaxing)
 .debug_str     0x000000000008c688      0x133 Core/Src/stm32f1xx_hal_msp.o
                                      0x87cac (size before relaxing)
 .debug_str     0x000000000008c7bb       0xbd Core/Src/stm32f1xx_it.o
                                      0x873e2 (size before relaxing)
 .debug_str     0x000000000008c878      0x4e9 Core/Src/sysmem.o
                                       0x623b (size before relaxing)
 .debug_str     0x000000000008cd61       0x52 Core/Src/system_stm32f1xx.o
                                      0x87221 (size before relaxing)
 .debug_str     0x000000000008cdb3       0x36 Core/Startup/startup_stm32f103c8tx.o
                                         0x4f (size before relaxing)
 .debug_str     0x000000000008cde9      0x55e Drivers/STM32F1xx_HAL_Driver/Src/stm32f1xx_hal.o
                                      0x878b2 (size before relaxing)
 .debug_str     0x000000000008d347      0x357 Drivers/STM32F1xx_HAL_Driver/Src/stm32f1xx_hal_adc.o
                                      0x878b1 (size before relaxing)
 .debug_str     0x000000000008d69e      0x300 Drivers/STM32F1xx_HAL_Driver/Src/stm32f1xx_hal_cortex.o
                                      0x878ba (size before relaxing)
 .debug_str     0x000000000008d99e      0x324 Drivers/STM32F1xx_HAL_Driver/Src/stm32f1xx_hal_gpio.o
                                      0x875e5 (size before relaxing)
 .debug_str     0x000000000008dcc2      0x24f Drivers/STM32F1xx_HAL_Driver/Src/stm32f1xx_hal_rcc.o
                                      0x8761e (size before relaxing)
 .debug_str     0x000000000008df11       0xb9 Drivers/STM32F1xx_HAL_Driver/Src/stm32f1xx_hal_rcc_ex.o
                                      0x873ab (size before relaxing)
 .debug_str     0x000000000008dfca      0x543 Drivers/STM32F1xx_HAL_Driver/Src/stm32f1xx_hal_spi.o
                                      0x87b26 (size before relaxing)
 .debug_str     0x000000000008e50d      0xd22 Drivers/STM32F1xx_HAL_Driver/Src/stm32f1xx_hal_tim.o
                                      0x885f0 (size before relaxing)
 .debug_str     0x000000000008f22f      0x517 Drivers/STM32F1xx_HAL_Driver/Src/stm32f1xx_hal_tim_ex.o
                                      0x87dca (size before relaxing)

.comment        0x0000000000000000       0x53
 .comment       0x0000000000000000       0x53 Core/Src/fonts.o
                                         0x54 (size before relaxing)
 .comment       0x0000000000000053       0x54 Core/Src/main.o
 .comment       0x0000000000000053       0x54 Core/Src/st7789.o
 .comment       0x0000000000000053       0x54 Core/Src/stm32f1xx_hal_msp.o
 .comment       0x0000000000000053       0x54 Core/Src/stm32f1xx_it.o
 .comment       0x0000000000000053       0x54 Core/Src/sysmem.o
 .comment       0x0000000000000053       0x54 Core/Src/system_stm32f1xx.o
 .comment       0x0000000000000053       0x54 Drivers/STM32F1xx_HAL_Driver/Src/stm32f1xx_hal.o
 .comment       0x0000000000000053       0x54 Drivers/STM32F1xx_HAL_Driver/Src/stm32f1xx_hal_adc.o
 .comment       0x0000000000000053       0x54 Drivers/STM32F1xx_HAL_Driver/Src/stm32f1xx_hal_cortex.o
 .comment       0x0000000000000053       0x54 Drivers/STM32F1xx_HAL_Driver/Src/stm32f1xx_hal_gpio.o
 .comment       0x0000000000000053       0x54 Drivers/STM32F1xx_HAL_Driver/Src/stm32f1xx_hal_rcc.o
 .comment       0x0000000000000053       0x54 Drivers/STM32F1xx_HAL_Driver/Src/stm32f1xx_hal_rcc_ex.o
 .comment       0x0000000000000053       0x54 Drivers/STM32F1xx_HAL_Driver/Src/stm32f1xx_hal_spi.o
 .comment       0x0000000000000053       0x54 Drivers/STM32F1xx_HAL_Driver/Src/stm32f1xx_hal_tim.o
 .comment       0x0000000000000053       0x54 Drivers/STM32F1xx_HAL_Driver/Src/stm32f1xx_hal_tim_ex.o

.debug_ranges   0x0000000000000000      0xca8
 .debug_ranges  0x0000000000000000       0x98 Core/Src/main.o
 .debug_ranges  0x0000000000000098       0xc0 Core/Src/st7789.o
 .debug_ranges  0x0000000000000158       0x58 Core/Src/stm32f1xx_hal_msp.o
 .debug_ranges  0x00000000000001b0       0x50 Core/Src/stm32f1xx_it.o
 .debug_ranges  0x0000000000000200       0x10 Core/Src/sysmem.o
 .debug_ranges  0x0000000000000210       0x18 Core/Src/system_stm32f1xx.o
 .debug_ranges  0x0000000000000228       0x20 Core/Startup/startup_stm32f103c8tx.o
 .debug_ranges  0x0000000000000248       0xd0 Drivers/STM32F1xx_HAL_Driver/Src/stm32f1xx_hal.o
 .debug_ranges  0x0000000000000318       0xe0 Drivers/STM32F1xx_HAL_Driver/Src/stm32f1xx_hal_adc.o
 .debug_ranges  0x00000000000003f8       0xf0 Drivers/STM32F1xx_HAL_Driver/Src/stm32f1xx_hal_cortex.o
 .debug_ranges  0x00000000000004e8       0x48 Drivers/STM32F1xx_HAL_Driver/Src/stm32f1xx_hal_gpio.o
 .debug_ranges  0x0000000000000530       0x80 Drivers/STM32F1xx_HAL_Driver/Src/stm32f1xx_hal_rcc.o
 .debug_ranges  0x00000000000005b0       0x20 Drivers/STM32F1xx_HAL_Driver/Src/stm32f1xx_hal_rcc_ex.o
 .debug_ranges  0x00000000000005d0      0x1c0 Drivers/STM32F1xx_HAL_Driver/Src/stm32f1xx_hal_spi.o
 .debug_ranges  0x0000000000000790      0x3c0 Drivers/STM32F1xx_HAL_Driver/Src/stm32f1xx_hal_tim.o
 .debug_ranges  0x0000000000000b50      0x158 Drivers/STM32F1xx_HAL_Driver/Src/stm32f1xx_hal_tim_ex.o

.debug_frame    0x0000000000000000     0x3f50
 .debug_frame   0x0000000000000000      0x21c Core/Src/main.o
 .debug_frame   0x000000000000021c      0x398 Core/Src/st7789.o
 .debug_frame   0x00000000000005b4      0x184 Core/Src/stm32f1xx_hal_msp.o
 .debug_frame   0x0000000000000738      0x104 Core/Src/stm32f1xx_it.o
 .debug_frame   0x000000000000083c       0x34 Core/Src/sysmem.o
 .debug_frame   0x0000000000000870       0x58 Core/Src/system_stm32f1xx.o
 .debug_frame   0x00000000000008c8      0x334 Drivers/STM32F1xx_HAL_Driver/Src/stm32f1xx_hal.o
 .debug_frame   0x0000000000000bfc      0x40c Drivers/STM32F1xx_HAL_Driver/Src/stm32f1xx_hal_adc.o
 .debug_frame   0x0000000000001008      0x428 Drivers/STM32F1xx_HAL_Driver/Src/stm32f1xx_hal_cortex.o
 .debug_frame   0x0000000000001430      0x14c Drivers/STM32F1xx_HAL_Driver/Src/stm32f1xx_hal_gpio.o
 .debug_frame   0x000000000000157c      0x21c Drivers/STM32F1xx_HAL_Driver/Src/stm32f1xx_hal_rcc.o
 .debug_frame   0x0000000000001798       0x84 Drivers/STM32F1xx_HAL_Driver/Src/stm32f1xx_hal_rcc_ex.o
 .debug_frame   0x000000000000181c      0x824 Drivers/STM32F1xx_HAL_Driver/Src/stm32f1xx_hal_spi.o
 .debug_frame   0x0000000000002040     0x11b8 Drivers/STM32F1xx_HAL_Driver/Src/stm32f1xx_hal_tim.o
 .debug_frame   0x00000000000031f8      0x638 Drivers/STM32F1xx_HAL_Driver/Src/stm32f1xx_hal_tim_ex.o
 .debug_frame   0x0000000000003830       0x20 d:/games/stm32cubeide_1.6.0/stm32cubeide/plugins/com.st.stm32cube.ide.mcu.externaltools.gnu-tools-for-stm32.9-2020-q2-update.win32_1.5.0.202011040924/tools/bin/../lib/gcc/arm-none-eabi/9.3.1/../../../../arm-none-eabi/lib/thumb/v7-m/nofp\libc_nano.a(lib_a-errno.o)
 .debug_frame   0x0000000000003850       0x2c d:/games/stm32cubeide_1.6.0/stm32cubeide/plugins/com.st.stm32cube.ide.mcu.externaltools.gnu-tools-for-stm32.9-2020-q2-update.win32_1.5.0.202011040924/tools/bin/../lib/gcc/arm-none-eabi/9.3.1/../../../../arm-none-eabi/lib/thumb/v7-m/nofp\libc_nano.a(lib_a-init.o)
 .debug_frame   0x000000000000387c       0x20 d:/games/stm32cubeide_1.6.0/stm32cubeide/plugins/com.st.stm32cube.ide.mcu.externaltools.gnu-tools-for-stm32.9-2020-q2-update.win32_1.5.0.202011040924/tools/bin/../lib/gcc/arm-none-eabi/9.3.1/../../../../arm-none-eabi/lib/thumb/v7-m/nofp\libc_nano.a(lib_a-memset.o)
 .debug_frame   0x000000000000389c       0x7c d:/games/stm32cubeide_1.6.0/stm32cubeide/plugins/com.st.stm32cube.ide.mcu.externaltools.gnu-tools-for-stm32.9-2020-q2-update.win32_1.5.0.202011040924/tools/bin/../lib/gcc/arm-none-eabi/9.3.1/../../../../arm-none-eabi/lib/thumb/v7-m/nofp\libc_nano.a(lib_a-snprintf.o)
 .debug_frame   0x0000000000003918       0x6c d:/games/stm32cubeide_1.6.0/stm32cubeide/plugins/com.st.stm32cube.ide.mcu.externaltools.gnu-tools-for-stm32.9-2020-q2-update.win32_1.5.0.202011040924/tools/bin/../lib/gcc/arm-none-eabi/9.3.1/../../../../arm-none-eabi/lib/thumb/v7-m/nofp\libc_nano.a(lib_a-sprintf.o)
 .debug_frame   0x0000000000003984       0x90 d:/games/stm32cubeide_1.6.0/stm32cubeide/plugins/com.st.stm32cube.ide.mcu.externaltools.gnu-tools-for-stm32.9-2020-q2-update.win32_1.5.0.202011040924/tools/bin/../lib/gcc/arm-none-eabi/9.3.1/../../../../arm-none-eabi/lib/thumb/v7-m/nofp\libc_nano.a(lib_a-nano-svfprintf.o)
 .debug_frame   0x0000000000003a14       0x60 d:/games/stm32cubeide_1.6.0/stm32cubeide/plugins/com.st.stm32cube.ide.mcu.externaltools.gnu-tools-for-stm32.9-2020-q2-update.win32_1.5.0.202011040924/tools/bin/../lib/gcc/arm-none-eabi/9.3.1/../../../../arm-none-eabi/lib/thumb/v7-m/nofp\libc_nano.a(lib_a-nano-vfprintf_i.o)
 .debug_frame   0x0000000000003a74       0x28 d:/games/stm32cubeide_1.6.0/stm32cubeide/plugins/com.st.stm32cube.ide.mcu.externaltools.gnu-tools-for-stm32.9-2020-q2-update.win32_1.5.0.202011040924/tools/bin/../lib/gcc/arm-none-eabi/9.3.1/../../../../arm-none-eabi/lib/thumb/v7-m/nofp\libc_nano.a(lib_a-memchr-stub.o)
 .debug_frame   0x0000000000003a9c       0x28 d:/games/stm32cubeide_1.6.0/stm32cubeide/plugins/com.st.stm32cube.ide.mcu.externaltools.gnu-tools-for-stm32.9-2020-q2-update.win32_1.5.0.202011040924/tools/bin/../lib/gcc/arm-none-eabi/9.3.1/../../../../arm-none-eabi/lib/thumb/v7-m/nofp\libc_nano.a(lib_a-memcpy-stub.o)
 .debug_frame   0x0000000000003ac4       0x28 d:/games/stm32cubeide_1.6.0/stm32cubeide/plugins/com.st.stm32cube.ide.mcu.externaltools.gnu-tools-for-stm32.9-2020-q2-update.win32_1.5.0.202011040924/tools/bin/../lib/gcc/arm-none-eabi/9.3.1/../../../../arm-none-eabi/lib/thumb/v7-m/nofp\libc_nano.a(lib_a-memmove.o)
 .debug_frame   0x0000000000003aec       0x38 d:/games/stm32cubeide_1.6.0/stm32cubeide/plugins/com.st.stm32cube.ide.mcu.externaltools.gnu-tools-for-stm32.9-2020-q2-update.win32_1.5.0.202011040924/tools/bin/../lib/gcc/arm-none-eabi/9.3.1/../../../../arm-none-eabi/lib/thumb/v7-m/nofp\libc_nano.a(lib_a-nano-freer.o)
 .debug_frame   0x0000000000003b24       0x30 d:/games/stm32cubeide_1.6.0/stm32cubeide/plugins/com.st.stm32cube.ide.mcu.externaltools.gnu-tools-for-stm32.9-2020-q2-update.win32_1.5.0.202011040924/tools/bin/../lib/gcc/arm-none-eabi/9.3.1/../../../../arm-none-eabi/lib/thumb/v7-m/nofp\libc_nano.a(lib_a-nano-mallocr.o)
 .debug_frame   0x0000000000003b54       0x3c d:/games/stm32cubeide_1.6.0/stm32cubeide/plugins/com.st.stm32cube.ide.mcu.externaltools.gnu-tools-for-stm32.9-2020-q2-update.win32_1.5.0.202011040924/tools/bin/../lib/gcc/arm-none-eabi/9.3.1/../../../../arm-none-eabi/lib/thumb/v7-m/nofp\libc_nano.a(lib_a-nano-reallocr.o)
 .debug_frame   0x0000000000003b90       0x2c d:/games/stm32cubeide_1.6.0/stm32cubeide/plugins/com.st.stm32cube.ide.mcu.externaltools.gnu-tools-for-stm32.9-2020-q2-update.win32_1.5.0.202011040924/tools/bin/../lib/gcc/arm-none-eabi/9.3.1/../../../../arm-none-eabi/lib/thumb/v7-m/nofp\libc_nano.a(lib_a-sbrkr.o)
 .debug_frame   0x0000000000003bbc       0x30 d:/games/stm32cubeide_1.6.0/stm32cubeide/plugins/com.st.stm32cube.ide.mcu.externaltools.gnu-tools-for-stm32.9-2020-q2-update.win32_1.5.0.202011040924/tools/bin/../lib/gcc/arm-none-eabi/9.3.1/../../../../arm-none-eabi/lib/thumb/v7-m/nofp\libc_nano.a(lib_a-mlock.o)
 .debug_frame   0x0000000000003bec       0x20 d:/games/stm32cubeide_1.6.0/stm32cubeide/plugins/com.st.stm32cube.ide.mcu.externaltools.gnu-tools-for-stm32.9-2020-q2-update.win32_1.5.0.202011040924/tools/bin/../lib/gcc/arm-none-eabi/9.3.1/../../../../arm-none-eabi/lib/thumb/v7-m/nofp\libc_nano.a(lib_a-nano-msizer.o)
 .debug_frame   0x0000000000003c0c       0x5c d:/games/stm32cubeide_1.6.0/stm32cubeide/plugins/com.st.stm32cube.ide.mcu.externaltools.gnu-tools-for-stm32.9-2020-q2-update.win32_1.5.0.202011040924/tools/bin/../lib/gcc/arm-none-eabi/9.3.1/../../../../arm-none-eabi/lib/thumb/v7-m/nofp\libc_nano.a(lib_a-reent.o)
 .debug_frame   0x0000000000003c68       0xb0 d:/games/stm32cubeide_1.6.0/stm32cubeide/plugins/com.st.stm32cube.ide.mcu.externaltools.gnu-tools-for-stm32.9-2020-q2-update.win32_1.5.0.202011040924/tools/bin/../lib/gcc/arm-none-eabi/9.3.1/../../../../arm-none-eabi/lib/thumb/v7-m/nofp\libc_nano.a(lib_a-lock.o)
 .debug_frame   0x0000000000003d18       0x30 d:/games/stm32cubeide_1.6.0/stm32cubeide/plugins/com.st.stm32cube.ide.mcu.externaltools.gnu-tools-for-stm32.9-2020-q2-update.win32_1.5.0.202011040924/tools/bin/../lib/gcc/arm-none-eabi/9.3.1/thumb/v7-m/nofp\libgcc.a(_arm_muldf3.o)
 .debug_frame   0x0000000000003d48       0xac d:/games/stm32cubeide_1.6.0/stm32cubeide/plugins/com.st.stm32cube.ide.mcu.externaltools.gnu-tools-for-stm32.9-2020-q2-update.win32_1.5.0.202011040924/tools/bin/../lib/gcc/arm-none-eabi/9.3.1/thumb/v7-m/nofp\libgcc.a(_arm_addsubdf3.o)
 .debug_frame   0x0000000000003df4       0x24 d:/games/stm32cubeide_1.6.0/stm32cubeide/plugins/com.st.stm32cube.ide.mcu.externaltools.gnu-tools-for-stm32.9-2020-q2-update.win32_1.5.0.202011040924/tools/bin/../lib/gcc/arm-none-eabi/9.3.1/thumb/v7-m/nofp\libgcc.a(_arm_truncdfsf2.o)
 .debug_frame   0x0000000000003e18       0x4c d:/games/stm32cubeide_1.6.0/stm32cubeide/plugins/com.st.stm32cube.ide.mcu.externaltools.gnu-tools-for-stm32.9-2020-q2-update.win32_1.5.0.202011040924/tools/bin/../lib/gcc/arm-none-eabi/9.3.1/thumb/v7-m/nofp\libgcc.a(_arm_addsubsf3.o)
 .debug_frame   0x0000000000003e64       0xc8 d:/games/stm32cubeide_1.6.0/stm32cubeide/plugins/com.st.stm32cube.ide.mcu.externaltools.gnu-tools-for-stm32.9-2020-q2-update.win32_1.5.0.202011040924/tools/bin/../lib/gcc/arm-none-eabi/9.3.1/thumb/v7-m/nofp\libgcc.a(_arm_cmpsf2.o)
 .debug_frame   0x0000000000003f2c       0x24 d:/games/stm32cubeide_1.6.0/stm32cubeide/plugins/com.st.stm32cube.ide.mcu.externaltools.gnu-tools-for-stm32.9-2020-q2-update.win32_1.5.0.202011040924/tools/bin/../lib/gcc/arm-none-eabi/9.3.1/thumb/v7-m/nofp\libgcc.a(_arm_fixunssfsi.o)
