stm32f1xx_hal_msp.c:66:6:HAL_MspInit	8	static
stm32f1xx_hal_msp.c:92:6:HAL_ADC_MspInit	40	static
stm32f1xx_hal_msp.c:144:6:HAL_ADC_MspDeInit	0	static
stm32f1xx_hal_msp.c:189:6:HAL_SPI_MspInit	32	static
stm32f1xx_hal_msp.c:223:6:HAL_SPI_MspDeInit	0	static
stm32f1xx_hal_msp.c:252:6:HAL_TIM_Encoder_MspInit	40	static
stm32f1xx_hal_msp.c:294:6:HAL_TIM_PWM_MspInit	8	static
stm32f1xx_hal_msp.c:310:6:HAL_TIM_MspPostInit	32	static
stm32f1xx_hal_msp.c:340:6:HAL_TIM_Encoder_MspDeInit	8	static
stm32f1xx_hal_msp.c:371:6:HAL_TIM_PWM_MspDeInit	0	static
