main.c:108:6:mytftset	24	static
main.c:123:6:encoder	88	static
main.c:247:6:TermoControl	16	static
main.c:304:6:fenreset	8	static
main.c:309:6:setPWM	24	static
main.c:315:6:menu	168	static
main.c:354:5:main	24	static
main.c:438:6:SystemClock_Config	88	static
main.c:484:13:MX_ADC1_Init	24	static
main.c:529:13:MX_ADC2_Init	24	static
main.c:574:13:MX_SPI2_Init	8	static
main.c:612:13:MX_TIM2_Init	56	static
main.c:667:13:MX_TIM4_Init	48	static
main.c:716:13:MX_GPIO_Init	40	static
main.c:802:6:Error_Handler	4	static,ignoring_inline_asm
