main.c:107:6:mytftset	24	static
main.c:122:6:encoder	88	static
main.c:244:6:TermoControl	16	static
main.c:301:6:fenreset	8	static
main.c:306:6:setPWM	24	static
main.c:312:6:menu	168	static
main.c:349:5:main	24	static
main.c:432:6:SystemClock_Config	88	static
main.c:478:13:MX_ADC1_Init	24	static
main.c:523:13:MX_ADC2_Init	24	static
main.c:568:13:MX_SPI2_Init	8	static
main.c:606:13:MX_TIM2_Init	56	static
main.c:655:13:MX_TIM4_Init	48	static
main.c:704:13:MX_GPIO_Init	40	static
main.c:790:6:Error_Handler	4	static,ignoring_inline_asm
